Archive member included to satisfy reference by file (symbol)

c:/program files (x86)/atmel/studio/7.0/toolchain/avr8/avr8-gnu-toolchain/bin/../lib/gcc/avr/5.4.0/../../../../avr/lib/avrxmega3\libm.a(addsf3.o)
                              src/adc_window.o (__subsf3)
c:/program files (x86)/atmel/studio/7.0/toolchain/avr8/avr8-gnu-toolchain/bin/../lib/gcc/avr/5.4.0/../../../../avr/lib/avrxmega3\libm.a(addsf3x.o)
                              c:/program files (x86)/atmel/studio/7.0/toolchain/avr8/avr8-gnu-toolchain/bin/../lib/gcc/avr/5.4.0/../../../../avr/lib/avrxmega3\libm.a(addsf3.o) (__addsf3x)
c:/program files (x86)/atmel/studio/7.0/toolchain/avr8/avr8-gnu-toolchain/bin/../lib/gcc/avr/5.4.0/../../../../avr/lib/avrxmega3\libm.a(divsf3.o)
                              src/adc_window.o (__divsf3)
c:/program files (x86)/atmel/studio/7.0/toolchain/avr8/avr8-gnu-toolchain/bin/../lib/gcc/avr/5.4.0/../../../../avr/lib/avrxmega3\libm.a(divsf3x.o)
                              c:/program files (x86)/atmel/studio/7.0/toolchain/avr8/avr8-gnu-toolchain/bin/../lib/gcc/avr/5.4.0/../../../../avr/lib/avrxmega3\libm.a(divsf3.o) (__divsf3x)
c:/program files (x86)/atmel/studio/7.0/toolchain/avr8/avr8-gnu-toolchain/bin/../lib/gcc/avr/5.4.0/../../../../avr/lib/avrxmega3\libm.a(fixunssfsi.o)
                              src/adc_window.o (__fixunssfsi)
c:/program files (x86)/atmel/studio/7.0/toolchain/avr8/avr8-gnu-toolchain/bin/../lib/gcc/avr/5.4.0/../../../../avr/lib/avrxmega3\libm.a(floatsisf.o)
                              dali_slave/dali_bit/dali_bit.o (__floatsisf)
c:/program files (x86)/atmel/studio/7.0/toolchain/avr8/avr8-gnu-toolchain/bin/../lib/gcc/avr/5.4.0/../../../../avr/lib/avrxmega3\libm.a(fp_inf.o)
                              c:/program files (x86)/atmel/studio/7.0/toolchain/avr8/avr8-gnu-toolchain/bin/../lib/gcc/avr/5.4.0/../../../../avr/lib/avrxmega3\libm.a(addsf3x.o) (__fp_inf)
c:/program files (x86)/atmel/studio/7.0/toolchain/avr8/avr8-gnu-toolchain/bin/../lib/gcc/avr/5.4.0/../../../../avr/lib/avrxmega3\libm.a(fp_nan.o)
                              c:/program files (x86)/atmel/studio/7.0/toolchain/avr8/avr8-gnu-toolchain/bin/../lib/gcc/avr/5.4.0/../../../../avr/lib/avrxmega3\libm.a(addsf3x.o) (__fp_nan)
c:/program files (x86)/atmel/studio/7.0/toolchain/avr8/avr8-gnu-toolchain/bin/../lib/gcc/avr/5.4.0/../../../../avr/lib/avrxmega3\libm.a(fp_pscA.o)
                              c:/program files (x86)/atmel/studio/7.0/toolchain/avr8/avr8-gnu-toolchain/bin/../lib/gcc/avr/5.4.0/../../../../avr/lib/avrxmega3\libm.a(addsf3x.o) (__fp_pscA)
c:/program files (x86)/atmel/studio/7.0/toolchain/avr8/avr8-gnu-toolchain/bin/../lib/gcc/avr/5.4.0/../../../../avr/lib/avrxmega3\libm.a(fp_pscB.o)
                              c:/program files (x86)/atmel/studio/7.0/toolchain/avr8/avr8-gnu-toolchain/bin/../lib/gcc/avr/5.4.0/../../../../avr/lib/avrxmega3\libm.a(addsf3x.o) (__fp_pscB)
c:/program files (x86)/atmel/studio/7.0/toolchain/avr8/avr8-gnu-toolchain/bin/../lib/gcc/avr/5.4.0/../../../../avr/lib/avrxmega3\libm.a(fp_round.o)
                              c:/program files (x86)/atmel/studio/7.0/toolchain/avr8/avr8-gnu-toolchain/bin/../lib/gcc/avr/5.4.0/../../../../avr/lib/avrxmega3\libm.a(addsf3.o) (__fp_round)
c:/program files (x86)/atmel/studio/7.0/toolchain/avr8/avr8-gnu-toolchain/bin/../lib/gcc/avr/5.4.0/../../../../avr/lib/avrxmega3\libm.a(fp_split3.o)
                              c:/program files (x86)/atmel/studio/7.0/toolchain/avr8/avr8-gnu-toolchain/bin/../lib/gcc/avr/5.4.0/../../../../avr/lib/avrxmega3\libm.a(addsf3x.o) (__fp_split3)
c:/program files (x86)/atmel/studio/7.0/toolchain/avr8/avr8-gnu-toolchain/bin/../lib/gcc/avr/5.4.0/../../../../avr/lib/avrxmega3\libm.a(fp_zero.o)
                              c:/program files (x86)/atmel/studio/7.0/toolchain/avr8/avr8-gnu-toolchain/bin/../lib/gcc/avr/5.4.0/../../../../avr/lib/avrxmega3\libm.a(addsf3x.o) (__fp_zero)
c:/program files (x86)/atmel/studio/7.0/toolchain/avr8/avr8-gnu-toolchain/bin/../lib/gcc/avr/5.4.0/../../../../avr/lib/avrxmega3\libm.a(gesf2.o)
                              dali_slave/dali_bit/dali_bit.o (__gesf2)
c:/program files (x86)/atmel/studio/7.0/toolchain/avr8/avr8-gnu-toolchain/bin/../lib/gcc/avr/5.4.0/../../../../avr/lib/avrxmega3\libm.a(mulsf3.o)
                              src/adc_window.o (__mulsf3)
c:/program files (x86)/atmel/studio/7.0/toolchain/avr8/avr8-gnu-toolchain/bin/../lib/gcc/avr/5.4.0/../../../../avr/lib/avrxmega3\libm.a(mulsf3x.o)
                              c:/program files (x86)/atmel/studio/7.0/toolchain/avr8/avr8-gnu-toolchain/bin/../lib/gcc/avr/5.4.0/../../../../avr/lib/avrxmega3\libm.a(mulsf3.o) (__mulsf3x)
c:/program files (x86)/atmel/studio/7.0/toolchain/avr8/avr8-gnu-toolchain/bin/../lib/gcc/avr/5.4.0/../../../../avr/lib/avrxmega3\libm.a(fp_cmp.o)
                              c:/program files (x86)/atmel/studio/7.0/toolchain/avr8/avr8-gnu-toolchain/bin/../lib/gcc/avr/5.4.0/../../../../avr/lib/avrxmega3\libm.a(gesf2.o) (__fp_cmp)
c:/program files (x86)/atmel/studio/7.0/toolchain/avr8/avr8-gnu-toolchain/bin/../lib/gcc/avr/5.4.0/avrxmega3\libgcc.a(_udivmodsi4.o)
                              dali_slave/dali_stack/dali_command/dali_cmd.o (__udivmodsi4)
c:/program files (x86)/atmel/studio/7.0/toolchain/avr8/avr8-gnu-toolchain/bin/../lib/gcc/avr/5.4.0/avrxmega3\libgcc.a(_exit.o)
                              C:/Program Files (x86)/Atmel/Studio/7.0/Packs/atmel/ATtiny_DFP/1.3.147/gcc/dev/attiny1617/avrxmega3/crtattiny1617.o (exit)
c:/program files (x86)/atmel/studio/7.0/toolchain/avr8/avr8-gnu-toolchain/bin/../lib/gcc/avr/5.4.0/avrxmega3\libgcc.a(_tablejump2.o)
                              dali_slave/dali_stack/dali_command/dali_cmd.o (__tablejump2__)
c:/program files (x86)/atmel/studio/7.0/toolchain/avr8/avr8-gnu-toolchain/bin/../lib/gcc/avr/5.4.0/avrxmega3\libgcc.a(_copy_data.o)
                              dali_slave/dali_stack/dali_command/dali_cmd.o (__do_copy_data)
c:/program files (x86)/atmel/studio/7.0/toolchain/avr8/avr8-gnu-toolchain/bin/../lib/gcc/avr/5.4.0/avrxmega3\libgcc.a(_clear_bss.o)
                              dali_slave/dali_bit/dali_bit.o (__do_clear_bss)
c:/program files (x86)/atmel/studio/7.0/toolchain/avr8/avr8-gnu-toolchain/bin/../lib/gcc/avr/5.4.0/avrxmega3\libgcc.a(_umulhisi3.o)
                              dali_slave/dali_stack/dali_command/dali_cmd.o (__umulhisi3)
c:/program files (x86)/atmel/studio/7.0/toolchain/avr8/avr8-gnu-toolchain/bin/../lib/gcc/avr/5.4.0/avrxmega3\libgcc.a(_muluhisi3.o)
                              dali_slave/dali_stack/dali_command/dali_cmd.o (__muluhisi3)
c:/program files (x86)/atmel/studio/7.0/toolchain/avr8/avr8-gnu-toolchain/bin/../lib/gcc/avr/5.4.0/../../../../avr/lib/avrxmega3\libc.a(rand.o)
                              dali_slave/dali_stack/dali_command/dali_cmd.o (rand)
c:/program files (x86)/atmel/studio/7.0/toolchain/avr8/avr8-gnu-toolchain/bin/../lib/gcc/avr/5.4.0/avrxmega3\libgcc.a(_divmodsi4.o)
                              c:/program files (x86)/atmel/studio/7.0/toolchain/avr8/avr8-gnu-toolchain/bin/../lib/gcc/avr/5.4.0/../../../../avr/lib/avrxmega3\libc.a(rand.o) (__divmodsi4)
c:/program files (x86)/atmel/studio/7.0/toolchain/avr8/avr8-gnu-toolchain/bin/../lib/gcc/avr/5.4.0/avrxmega3\libgcc.a(_negsi2.o)
                              c:/program files (x86)/atmel/studio/7.0/toolchain/avr8/avr8-gnu-toolchain/bin/../lib/gcc/avr/5.4.0/avrxmega3\libgcc.a(_divmodsi4.o) (__negsi2)
c:/program files (x86)/atmel/studio/7.0/toolchain/avr8/avr8-gnu-toolchain/bin/../lib/gcc/avr/5.4.0/avrxmega3\libgcc.a(_mulshisi3.o)
                              c:/program files (x86)/atmel/studio/7.0/toolchain/avr8/avr8-gnu-toolchain/bin/../lib/gcc/avr/5.4.0/../../../../avr/lib/avrxmega3\libc.a(rand.o) (__mulohisi3)

Allocating common symbols
Common symbol       size              file

eeprom_page_buf     0x20              dali_slave/dali_eeprom/dali_eeprom.o
last_active_level   0x1               dali_slave/dali_stack/dali_command/dali_cmd.o
dali_send_data      0x1               dali_slave/dali_bit/dali_bit.o
current_fade_time   0x1               dali_slave/dali_stack/dali_command/dali_cmd.o
frame_state         0x1               dali_slave/dali_stack/dali_frame/dali_frame.o
temperature         0x1               src/adc_window.o
update_flag         0x1               dali_slave/dali_stack/dali_command/dali_cmd.o
status_receive      0x1               dali_slave/dali_bit/dali_bit.o
dali                0x4               dali_slave/dali_stack/dali_command/dali_cmd.o
dali_ram            0x55              dali_slave/dali_stack/dali_command/dali_cmd.o
send_status         0x1               dali_slave/dali_bit/dali_bit.o
service_info        0x6               dali_slave/dali_stack/dali_frame/dali_frame.o
status_information  0x1               dali_slave/dali_stack/dali_command/dali_cmd.o
data_backup         0x1               dali_slave/dali_stack/dali_frame/dali_frame.o
optional_features   0x1               dali_slave/dali_stack/dali_command/dali_cmd.o
pin_level           0x1               dali_slave/dali_bit/dali_bit.o
fade_step           0x4               dali_slave/dali_stack/dali_command/dali_cmd.o
dapc_sequence_time  0x1               dali_slave/dali_stack/dali_command/dali_cmd.o
max_value           0x1               src/adc_window.o
dali_rec_data       0x1               dali_slave/dali_bit/dali_bit.o
search_address      0x3               dali_slave/dali_stack/dali_command/dali_cmd.o
level_time          0x1               dali_slave/dali_bit/dali_bit.o
fade_time_off_and_minlevel
                    0x4               dali_slave/dali_stack/dali_command/dali_cmd.o
dali_rec_addr       0x1               dali_slave/dali_bit/dali_bit.o
ms_tick_flag        0x1               main.o
current_fast_fade_time
                    0x1               dali_slave/dali_stack/dali_command/dali_cmd.o

Discarded input sections

 .data          0x00000000        0x0 C:/Program Files (x86)/Atmel/Studio/7.0/Packs/atmel/ATtiny_DFP/1.3.147/gcc/dev/attiny1617/avrxmega3/crtattiny1617.o
 .bss           0x00000000        0x0 C:/Program Files (x86)/Atmel/Studio/7.0/Packs/atmel/ATtiny_DFP/1.3.147/gcc/dev/attiny1617/avrxmega3/crtattiny1617.o
 .text          0x00000000        0x0 atmel_start.o
 .data          0x00000000        0x0 atmel_start.o
 .bss           0x00000000        0x0 atmel_start.o
 .text.atmel_start_init
                0x00000000        0x6 atmel_start.o
 .debug_info    0x00000000       0x9a atmel_start.o
 .debug_abbrev  0x00000000       0x63 atmel_start.o
 .debug_aranges
                0x00000000       0x20 atmel_start.o
 .debug_ranges  0x00000000       0x10 atmel_start.o
 .debug_line    0x00000000       0x60 atmel_start.o
 .debug_str     0x00000000      0x1b1 atmel_start.o
 .comment       0x00000000       0x31 atmel_start.o
 .debug_frame   0x00000000       0x24 atmel_start.o
 .text          0x00000000        0x0 dali_slave/dali_bit/dali_bit.o
 .data          0x00000000        0x0 dali_slave/dali_bit/dali_bit.o
 .bss           0x00000000        0x0 dali_slave/dali_bit/dali_bit.o
 .text          0x00000000        0x0 dali_slave/dali_bod/dali_bod.o
 .data          0x00000000        0x0 dali_slave/dali_bod/dali_bod.o
 .bss           0x00000000        0x0 dali_slave/dali_bod/dali_bod.o
 .text          0x00000000        0x0 dali_slave/dali_eeprom/dali_eeprom.o
 .data          0x00000000        0x0 dali_slave/dali_eeprom/dali_eeprom.o
 .bss           0x00000000        0x0 dali_slave/dali_eeprom/dali_eeprom.o
 .text          0x00000000        0x0 dali_slave/dali_stack/dali_command/dali_cmd.o
 .data          0x00000000        0x0 dali_slave/dali_stack/dali_command/dali_cmd.o
 .bss           0x00000000        0x0 dali_slave/dali_stack/dali_command/dali_cmd.o
 .text          0x00000000        0x0 dali_slave/dali_stack/dali_frame/dali_frame.o
 .data          0x00000000        0x0 dali_slave/dali_stack/dali_frame/dali_frame.o
 .bss           0x00000000        0x0 dali_slave/dali_stack/dali_frame/dali_frame.o
 .text.dali_set_gear_failure_status_to_stack
                0x00000000       0x1c dali_slave/dali_stack/dali_frame/dali_frame.o
 .text.dali_set_lamp_failure_status_to_stack
                0x00000000       0x28 dali_slave/dali_stack/dali_frame/dali_frame.o
 .text.dali_set_bus_receive_state_to_stack
                0x00000000        0x6 dali_slave/dali_stack/dali_frame/dali_frame.o
 .text          0x00000000        0x0 dali_slave/dali_stack/dali_hal/dali_hal.o
 .data          0x00000000        0x0 dali_slave/dali_stack/dali_hal/dali_hal.o
 .bss           0x00000000        0x0 dali_slave/dali_stack/dali_hal/dali_hal.o
 .text          0x00000000        0x0 dali_slave/dali_timer/dali_tc.o
 .data          0x00000000        0x0 dali_slave/dali_timer/dali_tc.o
 .bss           0x00000000        0x0 dali_slave/dali_timer/dali_tc.o
 .text          0x00000000        0x0 driver_isr.o
 .data          0x00000000        0x0 driver_isr.o
 .bss           0x00000000        0x0 driver_isr.o
 .debug_info    0x00000000       0x5d driver_isr.o
 .debug_abbrev  0x00000000       0x26 driver_isr.o
 .debug_aranges
                0x00000000       0x18 driver_isr.o
 .debug_line    0x00000000       0x1a driver_isr.o
 .debug_str     0x00000000      0x193 driver_isr.o
 .comment       0x00000000       0x31 driver_isr.o
 .text          0x00000000        0x0 main.o
 .data          0x00000000        0x0 main.o
 .bss           0x00000000        0x0 main.o
 .text          0x00000000        0x0 src/adc_window.o
 .data          0x00000000        0x0 src/adc_window.o
 .bss           0x00000000        0x0 src/adc_window.o
 .text.ADC_0_enable
                0x00000000        0xc src/adc_window.o
 .text.ADC_0_disable
                0x00000000        0xc src/adc_window.o
 .text.ADC_0_enable_autotrigger
                0x00000000        0xc src/adc_window.o
 .text.ADC_0_disable_autotrigger
                0x00000000        0xc src/adc_window.o
 .text.ADC_0_set_window_high
                0x00000000        0xa src/adc_window.o
 .text.ADC_0_set_window_low
                0x00000000        0xa src/adc_window.o
 .text.ADC_0_set_window_mode
                0x00000000        0x6 src/adc_window.o
 .text.ADC_0_set_window_channel
                0x00000000        0x6 src/adc_window.o
 .text.ADC_0_start_conversion
                0x00000000        0xc src/adc_window.o
 .text.ADC_0_get_window_result
                0x00000000       0x10 src/adc_window.o
 .text.ADC_0_get_conversion
                0x00000000       0x1e src/adc_window.o
 .text.ADC_0_get_resolution
                0x00000000       0x10 src/adc_window.o
 .text          0x00000000        0x0 src/bod.o
 .data          0x00000000        0x0 src/bod.o
 .bss           0x00000000        0x0 src/bod.o
 .text.BOD_init
                0x00000000        0x8 src/bod.o
 .debug_info    0x00000000      0x1d6 src/bod.o
 .debug_abbrev  0x00000000       0x9d src/bod.o
 .debug_aranges
                0x00000000       0x20 src/bod.o
 .debug_ranges  0x00000000       0x10 src/bod.o
 .debug_line    0x00000000      0x109 src/bod.o
 .debug_str     0x00000000      0x2c8 src/bod.o
 .comment       0x00000000       0x31 src/bod.o
 .debug_frame   0x00000000       0x24 src/bod.o
 .text          0x00000000        0x0 src/clkctrl.o
 .data          0x00000000        0x0 src/clkctrl.o
 .bss           0x00000000        0x0 src/clkctrl.o
 .text.CLKCTRL_init
                0x00000000       0x10 src/clkctrl.o
 .debug_info    0x00000000      0x38e src/clkctrl.o
 .debug_abbrev  0x00000000      0x105 src/clkctrl.o
 .debug_loc     0x00000000       0x29 src/clkctrl.o
 .debug_aranges
                0x00000000       0x20 src/clkctrl.o
 .debug_ranges  0x00000000       0x10 src/clkctrl.o
 .debug_line    0x00000000      0x137 src/clkctrl.o
 .debug_str     0x00000000      0x4b2 src/clkctrl.o
 .comment       0x00000000       0x31 src/clkctrl.o
 .debug_frame   0x00000000       0x24 src/clkctrl.o
 .text          0x00000000        0x0 src/cpuint.o
 .data          0x00000000        0x0 src/cpuint.o
 .bss           0x00000000        0x0 src/cpuint.o
 .text.CPUINT_init
                0x00000000        0x4 src/cpuint.o
 .debug_info    0x00000000       0x8d src/cpuint.o
 .debug_abbrev  0x00000000       0x51 src/cpuint.o
 .debug_aranges
                0x00000000       0x20 src/cpuint.o
 .debug_ranges  0x00000000       0x10 src/cpuint.o
 .debug_line    0x00000000       0xa5 src/cpuint.o
 .debug_str     0x00000000      0x1a4 src/cpuint.o
 .comment       0x00000000       0x31 src/cpuint.o
 .debug_frame   0x00000000       0x24 src/cpuint.o
 .text          0x00000000        0x0 src/driver_init.o
 .data          0x00000000        0x0 src/driver_init.o
 .bss           0x00000000        0x0 src/driver_init.o
 .text.mcu_init
                0x00000000       0x38 src/driver_init.o
 .text.system_init
                0x00000000       0x16 src/driver_init.o
 .debug_info    0x00000000      0x362 src/driver_init.o
 .debug_abbrev  0x00000000       0xe3 src/driver_init.o
 .debug_loc     0x00000000       0x36 src/driver_init.o
 .debug_aranges
                0x00000000       0x28 src/driver_init.o
 .debug_ranges  0x00000000       0x18 src/driver_init.o
 .debug_line    0x00000000      0x1c3 src/driver_init.o
 .debug_str     0x00000000      0x340 src/driver_init.o
 .comment       0x00000000       0x31 src/driver_init.o
 .debug_frame   0x00000000       0x34 src/driver_init.o
 .text          0x00000000        0x0 src/protected_io.o
 .data          0x00000000        0x0 src/protected_io.o
 .bss           0x00000000        0x0 src/protected_io.o
 .text.protected_write_io
                0x00000000        0x8 src/protected_io.o
 .debug_line    0x00000000       0x55 src/protected_io.o
 .debug_info    0x00000000       0x9d src/protected_io.o
 .debug_abbrev  0x00000000       0x14 src/protected_io.o
 .debug_aranges
                0x00000000       0x20 src/protected_io.o
 .text          0x00000000        0x0 src/slpctrl.o
 .data          0x00000000        0x0 src/slpctrl.o
 .bss           0x00000000        0x0 src/slpctrl.o
 .text.SLPCTRL_init
                0x00000000        0x4 src/slpctrl.o
 .debug_info    0x00000000       0x8d src/slpctrl.o
 .debug_abbrev  0x00000000       0x51 src/slpctrl.o
 .debug_aranges
                0x00000000       0x20 src/slpctrl.o
 .debug_ranges  0x00000000       0x10 src/slpctrl.o
 .debug_line    0x00000000       0xa6 src/slpctrl.o
 .debug_str     0x00000000      0x1a6 src/slpctrl.o
 .comment       0x00000000       0x31 src/slpctrl.o
 .debug_frame   0x00000000       0x24 src/slpctrl.o
 .text          0x00000000        0x0 c:/program files (x86)/atmel/studio/7.0/toolchain/avr8/avr8-gnu-toolchain/bin/../lib/gcc/avr/5.4.0/../../../../avr/lib/avrxmega3\libm.a(addsf3.o)
 .data          0x00000000        0x0 c:/program files (x86)/atmel/studio/7.0/toolchain/avr8/avr8-gnu-toolchain/bin/../lib/gcc/avr/5.4.0/../../../../avr/lib/avrxmega3\libm.a(addsf3.o)
 .bss           0x00000000        0x0 c:/program files (x86)/atmel/studio/7.0/toolchain/avr8/avr8-gnu-toolchain/bin/../lib/gcc/avr/5.4.0/../../../../avr/lib/avrxmega3\libm.a(addsf3.o)
 .text          0x00000000        0x0 c:/program files (x86)/atmel/studio/7.0/toolchain/avr8/avr8-gnu-toolchain/bin/../lib/gcc/avr/5.4.0/../../../../avr/lib/avrxmega3\libm.a(addsf3x.o)
 .data          0x00000000        0x0 c:/program files (x86)/atmel/studio/7.0/toolchain/avr8/avr8-gnu-toolchain/bin/../lib/gcc/avr/5.4.0/../../../../avr/lib/avrxmega3\libm.a(addsf3x.o)
 .bss           0x00000000        0x0 c:/program files (x86)/atmel/studio/7.0/toolchain/avr8/avr8-gnu-toolchain/bin/../lib/gcc/avr/5.4.0/../../../../avr/lib/avrxmega3\libm.a(addsf3x.o)
 .text          0x00000000        0x0 c:/program files (x86)/atmel/studio/7.0/toolchain/avr8/avr8-gnu-toolchain/bin/../lib/gcc/avr/5.4.0/../../../../avr/lib/avrxmega3\libm.a(divsf3.o)
 .data          0x00000000        0x0 c:/program files (x86)/atmel/studio/7.0/toolchain/avr8/avr8-gnu-toolchain/bin/../lib/gcc/avr/5.4.0/../../../../avr/lib/avrxmega3\libm.a(divsf3.o)
 .bss           0x00000000        0x0 c:/program files (x86)/atmel/studio/7.0/toolchain/avr8/avr8-gnu-toolchain/bin/../lib/gcc/avr/5.4.0/../../../../avr/lib/avrxmega3\libm.a(divsf3.o)
 .text          0x00000000        0x0 c:/program files (x86)/atmel/studio/7.0/toolchain/avr8/avr8-gnu-toolchain/bin/../lib/gcc/avr/5.4.0/../../../../avr/lib/avrxmega3\libm.a(divsf3x.o)
 .data          0x00000000        0x0 c:/program files (x86)/atmel/studio/7.0/toolchain/avr8/avr8-gnu-toolchain/bin/../lib/gcc/avr/5.4.0/../../../../avr/lib/avrxmega3\libm.a(divsf3x.o)
 .bss           0x00000000        0x0 c:/program files (x86)/atmel/studio/7.0/toolchain/avr8/avr8-gnu-toolchain/bin/../lib/gcc/avr/5.4.0/../../../../avr/lib/avrxmega3\libm.a(divsf3x.o)
 .text          0x00000000        0x0 c:/program files (x86)/atmel/studio/7.0/toolchain/avr8/avr8-gnu-toolchain/bin/../lib/gcc/avr/5.4.0/../../../../avr/lib/avrxmega3\libm.a(fixunssfsi.o)
 .data          0x00000000        0x0 c:/program files (x86)/atmel/studio/7.0/toolchain/avr8/avr8-gnu-toolchain/bin/../lib/gcc/avr/5.4.0/../../../../avr/lib/avrxmega3\libm.a(fixunssfsi.o)
 .bss           0x00000000        0x0 c:/program files (x86)/atmel/studio/7.0/toolchain/avr8/avr8-gnu-toolchain/bin/../lib/gcc/avr/5.4.0/../../../../avr/lib/avrxmega3\libm.a(fixunssfsi.o)
 .text          0x00000000        0x0 c:/program files (x86)/atmel/studio/7.0/toolchain/avr8/avr8-gnu-toolchain/bin/../lib/gcc/avr/5.4.0/../../../../avr/lib/avrxmega3\libm.a(floatsisf.o)
 .data          0x00000000        0x0 c:/program files (x86)/atmel/studio/7.0/toolchain/avr8/avr8-gnu-toolchain/bin/../lib/gcc/avr/5.4.0/../../../../avr/lib/avrxmega3\libm.a(floatsisf.o)
 .bss           0x00000000        0x0 c:/program files (x86)/atmel/studio/7.0/toolchain/avr8/avr8-gnu-toolchain/bin/../lib/gcc/avr/5.4.0/../../../../avr/lib/avrxmega3\libm.a(floatsisf.o)
 .text          0x00000000        0x0 c:/program files (x86)/atmel/studio/7.0/toolchain/avr8/avr8-gnu-toolchain/bin/../lib/gcc/avr/5.4.0/../../../../avr/lib/avrxmega3\libm.a(fp_inf.o)
 .data          0x00000000        0x0 c:/program files (x86)/atmel/studio/7.0/toolchain/avr8/avr8-gnu-toolchain/bin/../lib/gcc/avr/5.4.0/../../../../avr/lib/avrxmega3\libm.a(fp_inf.o)
 .bss           0x00000000        0x0 c:/program files (x86)/atmel/studio/7.0/toolchain/avr8/avr8-gnu-toolchain/bin/../lib/gcc/avr/5.4.0/../../../../avr/lib/avrxmega3\libm.a(fp_inf.o)
 .text          0x00000000        0x0 c:/program files (x86)/atmel/studio/7.0/toolchain/avr8/avr8-gnu-toolchain/bin/../lib/gcc/avr/5.4.0/../../../../avr/lib/avrxmega3\libm.a(fp_nan.o)
 .data          0x00000000        0x0 c:/program files (x86)/atmel/studio/7.0/toolchain/avr8/avr8-gnu-toolchain/bin/../lib/gcc/avr/5.4.0/../../../../avr/lib/avrxmega3\libm.a(fp_nan.o)
 .bss           0x00000000        0x0 c:/program files (x86)/atmel/studio/7.0/toolchain/avr8/avr8-gnu-toolchain/bin/../lib/gcc/avr/5.4.0/../../../../avr/lib/avrxmega3\libm.a(fp_nan.o)
 .text          0x00000000        0x0 c:/program files (x86)/atmel/studio/7.0/toolchain/avr8/avr8-gnu-toolchain/bin/../lib/gcc/avr/5.4.0/../../../../avr/lib/avrxmega3\libm.a(fp_pscA.o)
 .data          0x00000000        0x0 c:/program files (x86)/atmel/studio/7.0/toolchain/avr8/avr8-gnu-toolchain/bin/../lib/gcc/avr/5.4.0/../../../../avr/lib/avrxmega3\libm.a(fp_pscA.o)
 .bss           0x00000000        0x0 c:/program files (x86)/atmel/studio/7.0/toolchain/avr8/avr8-gnu-toolchain/bin/../lib/gcc/avr/5.4.0/../../../../avr/lib/avrxmega3\libm.a(fp_pscA.o)
 .text          0x00000000        0x0 c:/program files (x86)/atmel/studio/7.0/toolchain/avr8/avr8-gnu-toolchain/bin/../lib/gcc/avr/5.4.0/../../../../avr/lib/avrxmega3\libm.a(fp_pscB.o)
 .data          0x00000000        0x0 c:/program files (x86)/atmel/studio/7.0/toolchain/avr8/avr8-gnu-toolchain/bin/../lib/gcc/avr/5.4.0/../../../../avr/lib/avrxmega3\libm.a(fp_pscB.o)
 .bss           0x00000000        0x0 c:/program files (x86)/atmel/studio/7.0/toolchain/avr8/avr8-gnu-toolchain/bin/../lib/gcc/avr/5.4.0/../../../../avr/lib/avrxmega3\libm.a(fp_pscB.o)
 .text          0x00000000        0x0 c:/program files (x86)/atmel/studio/7.0/toolchain/avr8/avr8-gnu-toolchain/bin/../lib/gcc/avr/5.4.0/../../../../avr/lib/avrxmega3\libm.a(fp_round.o)
 .data          0x00000000        0x0 c:/program files (x86)/atmel/studio/7.0/toolchain/avr8/avr8-gnu-toolchain/bin/../lib/gcc/avr/5.4.0/../../../../avr/lib/avrxmega3\libm.a(fp_round.o)
 .bss           0x00000000        0x0 c:/program files (x86)/atmel/studio/7.0/toolchain/avr8/avr8-gnu-toolchain/bin/../lib/gcc/avr/5.4.0/../../../../avr/lib/avrxmega3\libm.a(fp_round.o)
 .text          0x00000000        0x0 c:/program files (x86)/atmel/studio/7.0/toolchain/avr8/avr8-gnu-toolchain/bin/../lib/gcc/avr/5.4.0/../../../../avr/lib/avrxmega3\libm.a(fp_split3.o)
 .data          0x00000000        0x0 c:/program files (x86)/atmel/studio/7.0/toolchain/avr8/avr8-gnu-toolchain/bin/../lib/gcc/avr/5.4.0/../../../../avr/lib/avrxmega3\libm.a(fp_split3.o)
 .bss           0x00000000        0x0 c:/program files (x86)/atmel/studio/7.0/toolchain/avr8/avr8-gnu-toolchain/bin/../lib/gcc/avr/5.4.0/../../../../avr/lib/avrxmega3\libm.a(fp_split3.o)
 .text          0x00000000        0x0 c:/program files (x86)/atmel/studio/7.0/toolchain/avr8/avr8-gnu-toolchain/bin/../lib/gcc/avr/5.4.0/../../../../avr/lib/avrxmega3\libm.a(fp_zero.o)
 .data          0x00000000        0x0 c:/program files (x86)/atmel/studio/7.0/toolchain/avr8/avr8-gnu-toolchain/bin/../lib/gcc/avr/5.4.0/../../../../avr/lib/avrxmega3\libm.a(fp_zero.o)
 .bss           0x00000000        0x0 c:/program files (x86)/atmel/studio/7.0/toolchain/avr8/avr8-gnu-toolchain/bin/../lib/gcc/avr/5.4.0/../../../../avr/lib/avrxmega3\libm.a(fp_zero.o)
 .text          0x00000000        0x0 c:/program files (x86)/atmel/studio/7.0/toolchain/avr8/avr8-gnu-toolchain/bin/../lib/gcc/avr/5.4.0/../../../../avr/lib/avrxmega3\libm.a(gesf2.o)
 .data          0x00000000        0x0 c:/program files (x86)/atmel/studio/7.0/toolchain/avr8/avr8-gnu-toolchain/bin/../lib/gcc/avr/5.4.0/../../../../avr/lib/avrxmega3\libm.a(gesf2.o)
 .bss           0x00000000        0x0 c:/program files (x86)/atmel/studio/7.0/toolchain/avr8/avr8-gnu-toolchain/bin/../lib/gcc/avr/5.4.0/../../../../avr/lib/avrxmega3\libm.a(gesf2.o)
 .text          0x00000000        0x0 c:/program files (x86)/atmel/studio/7.0/toolchain/avr8/avr8-gnu-toolchain/bin/../lib/gcc/avr/5.4.0/../../../../avr/lib/avrxmega3\libm.a(mulsf3.o)
 .data          0x00000000        0x0 c:/program files (x86)/atmel/studio/7.0/toolchain/avr8/avr8-gnu-toolchain/bin/../lib/gcc/avr/5.4.0/../../../../avr/lib/avrxmega3\libm.a(mulsf3.o)
 .bss           0x00000000        0x0 c:/program files (x86)/atmel/studio/7.0/toolchain/avr8/avr8-gnu-toolchain/bin/../lib/gcc/avr/5.4.0/../../../../avr/lib/avrxmega3\libm.a(mulsf3.o)
 .text          0x00000000        0x0 c:/program files (x86)/atmel/studio/7.0/toolchain/avr8/avr8-gnu-toolchain/bin/../lib/gcc/avr/5.4.0/../../../../avr/lib/avrxmega3\libm.a(mulsf3x.o)
 .data          0x00000000        0x0 c:/program files (x86)/atmel/studio/7.0/toolchain/avr8/avr8-gnu-toolchain/bin/../lib/gcc/avr/5.4.0/../../../../avr/lib/avrxmega3\libm.a(mulsf3x.o)
 .bss           0x00000000        0x0 c:/program files (x86)/atmel/studio/7.0/toolchain/avr8/avr8-gnu-toolchain/bin/../lib/gcc/avr/5.4.0/../../../../avr/lib/avrxmega3\libm.a(mulsf3x.o)
 .text          0x00000000        0x0 c:/program files (x86)/atmel/studio/7.0/toolchain/avr8/avr8-gnu-toolchain/bin/../lib/gcc/avr/5.4.0/../../../../avr/lib/avrxmega3\libm.a(fp_cmp.o)
 .data          0x00000000        0x0 c:/program files (x86)/atmel/studio/7.0/toolchain/avr8/avr8-gnu-toolchain/bin/../lib/gcc/avr/5.4.0/../../../../avr/lib/avrxmega3\libm.a(fp_cmp.o)
 .bss           0x00000000        0x0 c:/program files (x86)/atmel/studio/7.0/toolchain/avr8/avr8-gnu-toolchain/bin/../lib/gcc/avr/5.4.0/../../../../avr/lib/avrxmega3\libm.a(fp_cmp.o)
 .text          0x00000000        0x0 c:/program files (x86)/atmel/studio/7.0/toolchain/avr8/avr8-gnu-toolchain/bin/../lib/gcc/avr/5.4.0/avrxmega3\libgcc.a(_udivmodsi4.o)
 .data          0x00000000        0x0 c:/program files (x86)/atmel/studio/7.0/toolchain/avr8/avr8-gnu-toolchain/bin/../lib/gcc/avr/5.4.0/avrxmega3\libgcc.a(_udivmodsi4.o)
 .bss           0x00000000        0x0 c:/program files (x86)/atmel/studio/7.0/toolchain/avr8/avr8-gnu-toolchain/bin/../lib/gcc/avr/5.4.0/avrxmega3\libgcc.a(_udivmodsi4.o)
 .text.libgcc.mul
                0x00000000        0x0 c:/program files (x86)/atmel/studio/7.0/toolchain/avr8/avr8-gnu-toolchain/bin/../lib/gcc/avr/5.4.0/avrxmega3\libgcc.a(_udivmodsi4.o)
 .text.libgcc   0x00000000        0x0 c:/program files (x86)/atmel/studio/7.0/toolchain/avr8/avr8-gnu-toolchain/bin/../lib/gcc/avr/5.4.0/avrxmega3\libgcc.a(_udivmodsi4.o)
 .text.libgcc.prologue
                0x00000000        0x0 c:/program files (x86)/atmel/studio/7.0/toolchain/avr8/avr8-gnu-toolchain/bin/../lib/gcc/avr/5.4.0/avrxmega3\libgcc.a(_udivmodsi4.o)
 .text.libgcc.builtins
                0x00000000        0x0 c:/program files (x86)/atmel/studio/7.0/toolchain/avr8/avr8-gnu-toolchain/bin/../lib/gcc/avr/5.4.0/avrxmega3\libgcc.a(_udivmodsi4.o)
 .text.libgcc.fmul
                0x00000000        0x0 c:/program files (x86)/atmel/studio/7.0/toolchain/avr8/avr8-gnu-toolchain/bin/../lib/gcc/avr/5.4.0/avrxmega3\libgcc.a(_udivmodsi4.o)
 .text.libgcc.fixed
                0x00000000        0x0 c:/program files (x86)/atmel/studio/7.0/toolchain/avr8/avr8-gnu-toolchain/bin/../lib/gcc/avr/5.4.0/avrxmega3\libgcc.a(_udivmodsi4.o)
 .text          0x00000000        0x0 c:/program files (x86)/atmel/studio/7.0/toolchain/avr8/avr8-gnu-toolchain/bin/../lib/gcc/avr/5.4.0/avrxmega3\libgcc.a(_exit.o)
 .data          0x00000000        0x0 c:/program files (x86)/atmel/studio/7.0/toolchain/avr8/avr8-gnu-toolchain/bin/../lib/gcc/avr/5.4.0/avrxmega3\libgcc.a(_exit.o)
 .bss           0x00000000        0x0 c:/program files (x86)/atmel/studio/7.0/toolchain/avr8/avr8-gnu-toolchain/bin/../lib/gcc/avr/5.4.0/avrxmega3\libgcc.a(_exit.o)
 .text.libgcc.mul
                0x00000000        0x0 c:/program files (x86)/atmel/studio/7.0/toolchain/avr8/avr8-gnu-toolchain/bin/../lib/gcc/avr/5.4.0/avrxmega3\libgcc.a(_exit.o)
 .text.libgcc.div
                0x00000000        0x0 c:/program files (x86)/atmel/studio/7.0/toolchain/avr8/avr8-gnu-toolchain/bin/../lib/gcc/avr/5.4.0/avrxmega3\libgcc.a(_exit.o)
 .text.libgcc   0x00000000        0x0 c:/program files (x86)/atmel/studio/7.0/toolchain/avr8/avr8-gnu-toolchain/bin/../lib/gcc/avr/5.4.0/avrxmega3\libgcc.a(_exit.o)
 .text.libgcc.prologue
                0x00000000        0x0 c:/program files (x86)/atmel/studio/7.0/toolchain/avr8/avr8-gnu-toolchain/bin/../lib/gcc/avr/5.4.0/avrxmega3\libgcc.a(_exit.o)
 .text.libgcc.builtins
                0x00000000        0x0 c:/program files (x86)/atmel/studio/7.0/toolchain/avr8/avr8-gnu-toolchain/bin/../lib/gcc/avr/5.4.0/avrxmega3\libgcc.a(_exit.o)
 .text.libgcc.fmul
                0x00000000        0x0 c:/program files (x86)/atmel/studio/7.0/toolchain/avr8/avr8-gnu-toolchain/bin/../lib/gcc/avr/5.4.0/avrxmega3\libgcc.a(_exit.o)
 .text.libgcc.fixed
                0x00000000        0x0 c:/program files (x86)/atmel/studio/7.0/toolchain/avr8/avr8-gnu-toolchain/bin/../lib/gcc/avr/5.4.0/avrxmega3\libgcc.a(_exit.o)
 .text          0x00000000        0x0 c:/program files (x86)/atmel/studio/7.0/toolchain/avr8/avr8-gnu-toolchain/bin/../lib/gcc/avr/5.4.0/avrxmega3\libgcc.a(_tablejump2.o)
 .data          0x00000000        0x0 c:/program files (x86)/atmel/studio/7.0/toolchain/avr8/avr8-gnu-toolchain/bin/../lib/gcc/avr/5.4.0/avrxmega3\libgcc.a(_tablejump2.o)
 .bss           0x00000000        0x0 c:/program files (x86)/atmel/studio/7.0/toolchain/avr8/avr8-gnu-toolchain/bin/../lib/gcc/avr/5.4.0/avrxmega3\libgcc.a(_tablejump2.o)
 .text.libgcc.mul
                0x00000000        0x0 c:/program files (x86)/atmel/studio/7.0/toolchain/avr8/avr8-gnu-toolchain/bin/../lib/gcc/avr/5.4.0/avrxmega3\libgcc.a(_tablejump2.o)
 .text.libgcc.div
                0x00000000        0x0 c:/program files (x86)/atmel/studio/7.0/toolchain/avr8/avr8-gnu-toolchain/bin/../lib/gcc/avr/5.4.0/avrxmega3\libgcc.a(_tablejump2.o)
 .text.libgcc.prologue
                0x00000000        0x0 c:/program files (x86)/atmel/studio/7.0/toolchain/avr8/avr8-gnu-toolchain/bin/../lib/gcc/avr/5.4.0/avrxmega3\libgcc.a(_tablejump2.o)
 .text.libgcc.builtins
                0x00000000        0x0 c:/program files (x86)/atmel/studio/7.0/toolchain/avr8/avr8-gnu-toolchain/bin/../lib/gcc/avr/5.4.0/avrxmega3\libgcc.a(_tablejump2.o)
 .text.libgcc.fmul
                0x00000000        0x0 c:/program files (x86)/atmel/studio/7.0/toolchain/avr8/avr8-gnu-toolchain/bin/../lib/gcc/avr/5.4.0/avrxmega3\libgcc.a(_tablejump2.o)
 .text.libgcc.fixed
                0x00000000        0x0 c:/program files (x86)/atmel/studio/7.0/toolchain/avr8/avr8-gnu-toolchain/bin/../lib/gcc/avr/5.4.0/avrxmega3\libgcc.a(_tablejump2.o)
 .text          0x00000000        0x0 c:/program files (x86)/atmel/studio/7.0/toolchain/avr8/avr8-gnu-toolchain/bin/../lib/gcc/avr/5.4.0/avrxmega3\libgcc.a(_copy_data.o)
 .data          0x00000000        0x0 c:/program files (x86)/atmel/studio/7.0/toolchain/avr8/avr8-gnu-toolchain/bin/../lib/gcc/avr/5.4.0/avrxmega3\libgcc.a(_copy_data.o)
 .bss           0x00000000        0x0 c:/program files (x86)/atmel/studio/7.0/toolchain/avr8/avr8-gnu-toolchain/bin/../lib/gcc/avr/5.4.0/avrxmega3\libgcc.a(_copy_data.o)
 .text.libgcc.mul
                0x00000000        0x0 c:/program files (x86)/atmel/studio/7.0/toolchain/avr8/avr8-gnu-toolchain/bin/../lib/gcc/avr/5.4.0/avrxmega3\libgcc.a(_copy_data.o)
 .text.libgcc.div
                0x00000000        0x0 c:/program files (x86)/atmel/studio/7.0/toolchain/avr8/avr8-gnu-toolchain/bin/../lib/gcc/avr/5.4.0/avrxmega3\libgcc.a(_copy_data.o)
 .text.libgcc   0x00000000        0x0 c:/program files (x86)/atmel/studio/7.0/toolchain/avr8/avr8-gnu-toolchain/bin/../lib/gcc/avr/5.4.0/avrxmega3\libgcc.a(_copy_data.o)
 .text.libgcc.prologue
                0x00000000        0x0 c:/program files (x86)/atmel/studio/7.0/toolchain/avr8/avr8-gnu-toolchain/bin/../lib/gcc/avr/5.4.0/avrxmega3\libgcc.a(_copy_data.o)
 .text.libgcc.builtins
                0x00000000        0x0 c:/program files (x86)/atmel/studio/7.0/toolchain/avr8/avr8-gnu-toolchain/bin/../lib/gcc/avr/5.4.0/avrxmega3\libgcc.a(_copy_data.o)
 .text.libgcc.fmul
                0x00000000        0x0 c:/program files (x86)/atmel/studio/7.0/toolchain/avr8/avr8-gnu-toolchain/bin/../lib/gcc/avr/5.4.0/avrxmega3\libgcc.a(_copy_data.o)
 .text.libgcc.fixed
                0x00000000        0x0 c:/program files (x86)/atmel/studio/7.0/toolchain/avr8/avr8-gnu-toolchain/bin/../lib/gcc/avr/5.4.0/avrxmega3\libgcc.a(_copy_data.o)
 .text          0x00000000        0x0 c:/program files (x86)/atmel/studio/7.0/toolchain/avr8/avr8-gnu-toolchain/bin/../lib/gcc/avr/5.4.0/avrxmega3\libgcc.a(_clear_bss.o)
 .data          0x00000000        0x0 c:/program files (x86)/atmel/studio/7.0/toolchain/avr8/avr8-gnu-toolchain/bin/../lib/gcc/avr/5.4.0/avrxmega3\libgcc.a(_clear_bss.o)
 .bss           0x00000000        0x0 c:/program files (x86)/atmel/studio/7.0/toolchain/avr8/avr8-gnu-toolchain/bin/../lib/gcc/avr/5.4.0/avrxmega3\libgcc.a(_clear_bss.o)
 .text.libgcc.mul
                0x00000000        0x0 c:/program files (x86)/atmel/studio/7.0/toolchain/avr8/avr8-gnu-toolchain/bin/../lib/gcc/avr/5.4.0/avrxmega3\libgcc.a(_clear_bss.o)
 .text.libgcc.div
                0x00000000        0x0 c:/program files (x86)/atmel/studio/7.0/toolchain/avr8/avr8-gnu-toolchain/bin/../lib/gcc/avr/5.4.0/avrxmega3\libgcc.a(_clear_bss.o)
 .text.libgcc   0x00000000        0x0 c:/program files (x86)/atmel/studio/7.0/toolchain/avr8/avr8-gnu-toolchain/bin/../lib/gcc/avr/5.4.0/avrxmega3\libgcc.a(_clear_bss.o)
 .text.libgcc.prologue
                0x00000000        0x0 c:/program files (x86)/atmel/studio/7.0/toolchain/avr8/avr8-gnu-toolchain/bin/../lib/gcc/avr/5.4.0/avrxmega3\libgcc.a(_clear_bss.o)
 .text.libgcc.builtins
                0x00000000        0x0 c:/program files (x86)/atmel/studio/7.0/toolchain/avr8/avr8-gnu-toolchain/bin/../lib/gcc/avr/5.4.0/avrxmega3\libgcc.a(_clear_bss.o)
 .text.libgcc.fmul
                0x00000000        0x0 c:/program files (x86)/atmel/studio/7.0/toolchain/avr8/avr8-gnu-toolchain/bin/../lib/gcc/avr/5.4.0/avrxmega3\libgcc.a(_clear_bss.o)
 .text.libgcc.fixed
                0x00000000        0x0 c:/program files (x86)/atmel/studio/7.0/toolchain/avr8/avr8-gnu-toolchain/bin/../lib/gcc/avr/5.4.0/avrxmega3\libgcc.a(_clear_bss.o)
 .text          0x00000000        0x0 c:/program files (x86)/atmel/studio/7.0/toolchain/avr8/avr8-gnu-toolchain/bin/../lib/gcc/avr/5.4.0/avrxmega3\libgcc.a(_umulhisi3.o)
 .data          0x00000000        0x0 c:/program files (x86)/atmel/studio/7.0/toolchain/avr8/avr8-gnu-toolchain/bin/../lib/gcc/avr/5.4.0/avrxmega3\libgcc.a(_umulhisi3.o)
 .bss           0x00000000        0x0 c:/program files (x86)/atmel/studio/7.0/toolchain/avr8/avr8-gnu-toolchain/bin/../lib/gcc/avr/5.4.0/avrxmega3\libgcc.a(_umulhisi3.o)
 .text.libgcc.div
                0x00000000        0x0 c:/program files (x86)/atmel/studio/7.0/toolchain/avr8/avr8-gnu-toolchain/bin/../lib/gcc/avr/5.4.0/avrxmega3\libgcc.a(_umulhisi3.o)
 .text.libgcc   0x00000000        0x0 c:/program files (x86)/atmel/studio/7.0/toolchain/avr8/avr8-gnu-toolchain/bin/../lib/gcc/avr/5.4.0/avrxmega3\libgcc.a(_umulhisi3.o)
 .text.libgcc.prologue
                0x00000000        0x0 c:/program files (x86)/atmel/studio/7.0/toolchain/avr8/avr8-gnu-toolchain/bin/../lib/gcc/avr/5.4.0/avrxmega3\libgcc.a(_umulhisi3.o)
 .text.libgcc.builtins
                0x00000000        0x0 c:/program files (x86)/atmel/studio/7.0/toolchain/avr8/avr8-gnu-toolchain/bin/../lib/gcc/avr/5.4.0/avrxmega3\libgcc.a(_umulhisi3.o)
 .text.libgcc.fmul
                0x00000000        0x0 c:/program files (x86)/atmel/studio/7.0/toolchain/avr8/avr8-gnu-toolchain/bin/../lib/gcc/avr/5.4.0/avrxmega3\libgcc.a(_umulhisi3.o)
 .text.libgcc.fixed
                0x00000000        0x0 c:/program files (x86)/atmel/studio/7.0/toolchain/avr8/avr8-gnu-toolchain/bin/../lib/gcc/avr/5.4.0/avrxmega3\libgcc.a(_umulhisi3.o)
 .text          0x00000000        0x0 c:/program files (x86)/atmel/studio/7.0/toolchain/avr8/avr8-gnu-toolchain/bin/../lib/gcc/avr/5.4.0/avrxmega3\libgcc.a(_muluhisi3.o)
 .data          0x00000000        0x0 c:/program files (x86)/atmel/studio/7.0/toolchain/avr8/avr8-gnu-toolchain/bin/../lib/gcc/avr/5.4.0/avrxmega3\libgcc.a(_muluhisi3.o)
 .bss           0x00000000        0x0 c:/program files (x86)/atmel/studio/7.0/toolchain/avr8/avr8-gnu-toolchain/bin/../lib/gcc/avr/5.4.0/avrxmega3\libgcc.a(_muluhisi3.o)
 .text.libgcc.div
                0x00000000        0x0 c:/program files (x86)/atmel/studio/7.0/toolchain/avr8/avr8-gnu-toolchain/bin/../lib/gcc/avr/5.4.0/avrxmega3\libgcc.a(_muluhisi3.o)
 .text.libgcc   0x00000000        0x0 c:/program files (x86)/atmel/studio/7.0/toolchain/avr8/avr8-gnu-toolchain/bin/../lib/gcc/avr/5.4.0/avrxmega3\libgcc.a(_muluhisi3.o)
 .text.libgcc.prologue
                0x00000000        0x0 c:/program files (x86)/atmel/studio/7.0/toolchain/avr8/avr8-gnu-toolchain/bin/../lib/gcc/avr/5.4.0/avrxmega3\libgcc.a(_muluhisi3.o)
 .text.libgcc.builtins
                0x00000000        0x0 c:/program files (x86)/atmel/studio/7.0/toolchain/avr8/avr8-gnu-toolchain/bin/../lib/gcc/avr/5.4.0/avrxmega3\libgcc.a(_muluhisi3.o)
 .text.libgcc.fmul
                0x00000000        0x0 c:/program files (x86)/atmel/studio/7.0/toolchain/avr8/avr8-gnu-toolchain/bin/../lib/gcc/avr/5.4.0/avrxmega3\libgcc.a(_muluhisi3.o)
 .text.libgcc.fixed
                0x00000000        0x0 c:/program files (x86)/atmel/studio/7.0/toolchain/avr8/avr8-gnu-toolchain/bin/../lib/gcc/avr/5.4.0/avrxmega3\libgcc.a(_muluhisi3.o)
 .text          0x00000000        0x0 c:/program files (x86)/atmel/studio/7.0/toolchain/avr8/avr8-gnu-toolchain/bin/../lib/gcc/avr/5.4.0/../../../../avr/lib/avrxmega3\libc.a(rand.o)
 .bss           0x00000000        0x0 c:/program files (x86)/atmel/studio/7.0/toolchain/avr8/avr8-gnu-toolchain/bin/../lib/gcc/avr/5.4.0/../../../../avr/lib/avrxmega3\libc.a(rand.o)
 .text          0x00000000        0x0 c:/program files (x86)/atmel/studio/7.0/toolchain/avr8/avr8-gnu-toolchain/bin/../lib/gcc/avr/5.4.0/avrxmega3\libgcc.a(_divmodsi4.o)
 .data          0x00000000        0x0 c:/program files (x86)/atmel/studio/7.0/toolchain/avr8/avr8-gnu-toolchain/bin/../lib/gcc/avr/5.4.0/avrxmega3\libgcc.a(_divmodsi4.o)
 .bss           0x00000000        0x0 c:/program files (x86)/atmel/studio/7.0/toolchain/avr8/avr8-gnu-toolchain/bin/../lib/gcc/avr/5.4.0/avrxmega3\libgcc.a(_divmodsi4.o)
 .text.libgcc.mul
                0x00000000        0x0 c:/program files (x86)/atmel/studio/7.0/toolchain/avr8/avr8-gnu-toolchain/bin/../lib/gcc/avr/5.4.0/avrxmega3\libgcc.a(_divmodsi4.o)
 .text.libgcc   0x00000000        0x0 c:/program files (x86)/atmel/studio/7.0/toolchain/avr8/avr8-gnu-toolchain/bin/../lib/gcc/avr/5.4.0/avrxmega3\libgcc.a(_divmodsi4.o)
 .text.libgcc.prologue
                0x00000000        0x0 c:/program files (x86)/atmel/studio/7.0/toolchain/avr8/avr8-gnu-toolchain/bin/../lib/gcc/avr/5.4.0/avrxmega3\libgcc.a(_divmodsi4.o)
 .text.libgcc.builtins
                0x00000000        0x0 c:/program files (x86)/atmel/studio/7.0/toolchain/avr8/avr8-gnu-toolchain/bin/../lib/gcc/avr/5.4.0/avrxmega3\libgcc.a(_divmodsi4.o)
 .text.libgcc.fmul
                0x00000000        0x0 c:/program files (x86)/atmel/studio/7.0/toolchain/avr8/avr8-gnu-toolchain/bin/../lib/gcc/avr/5.4.0/avrxmega3\libgcc.a(_divmodsi4.o)
 .text.libgcc.fixed
                0x00000000        0x0 c:/program files (x86)/atmel/studio/7.0/toolchain/avr8/avr8-gnu-toolchain/bin/../lib/gcc/avr/5.4.0/avrxmega3\libgcc.a(_divmodsi4.o)
 .text          0x00000000        0x0 c:/program files (x86)/atmel/studio/7.0/toolchain/avr8/avr8-gnu-toolchain/bin/../lib/gcc/avr/5.4.0/avrxmega3\libgcc.a(_negsi2.o)
 .data          0x00000000        0x0 c:/program files (x86)/atmel/studio/7.0/toolchain/avr8/avr8-gnu-toolchain/bin/../lib/gcc/avr/5.4.0/avrxmega3\libgcc.a(_negsi2.o)
 .bss           0x00000000        0x0 c:/program files (x86)/atmel/studio/7.0/toolchain/avr8/avr8-gnu-toolchain/bin/../lib/gcc/avr/5.4.0/avrxmega3\libgcc.a(_negsi2.o)
 .text.libgcc.mul
                0x00000000        0x0 c:/program files (x86)/atmel/studio/7.0/toolchain/avr8/avr8-gnu-toolchain/bin/../lib/gcc/avr/5.4.0/avrxmega3\libgcc.a(_negsi2.o)
 .text.libgcc   0x00000000        0x0 c:/program files (x86)/atmel/studio/7.0/toolchain/avr8/avr8-gnu-toolchain/bin/../lib/gcc/avr/5.4.0/avrxmega3\libgcc.a(_negsi2.o)
 .text.libgcc.prologue
                0x00000000        0x0 c:/program files (x86)/atmel/studio/7.0/toolchain/avr8/avr8-gnu-toolchain/bin/../lib/gcc/avr/5.4.0/avrxmega3\libgcc.a(_negsi2.o)
 .text.libgcc.builtins
                0x00000000        0x0 c:/program files (x86)/atmel/studio/7.0/toolchain/avr8/avr8-gnu-toolchain/bin/../lib/gcc/avr/5.4.0/avrxmega3\libgcc.a(_negsi2.o)
 .text.libgcc.fmul
                0x00000000        0x0 c:/program files (x86)/atmel/studio/7.0/toolchain/avr8/avr8-gnu-toolchain/bin/../lib/gcc/avr/5.4.0/avrxmega3\libgcc.a(_negsi2.o)
 .text.libgcc.fixed
                0x00000000        0x0 c:/program files (x86)/atmel/studio/7.0/toolchain/avr8/avr8-gnu-toolchain/bin/../lib/gcc/avr/5.4.0/avrxmega3\libgcc.a(_negsi2.o)
 .text          0x00000000        0x0 c:/program files (x86)/atmel/studio/7.0/toolchain/avr8/avr8-gnu-toolchain/bin/../lib/gcc/avr/5.4.0/avrxmega3\libgcc.a(_mulshisi3.o)
 .data          0x00000000        0x0 c:/program files (x86)/atmel/studio/7.0/toolchain/avr8/avr8-gnu-toolchain/bin/../lib/gcc/avr/5.4.0/avrxmega3\libgcc.a(_mulshisi3.o)
 .bss           0x00000000        0x0 c:/program files (x86)/atmel/studio/7.0/toolchain/avr8/avr8-gnu-toolchain/bin/../lib/gcc/avr/5.4.0/avrxmega3\libgcc.a(_mulshisi3.o)
 .text.libgcc.div
                0x00000000        0x0 c:/program files (x86)/atmel/studio/7.0/toolchain/avr8/avr8-gnu-toolchain/bin/../lib/gcc/avr/5.4.0/avrxmega3\libgcc.a(_mulshisi3.o)
 .text.libgcc   0x00000000        0x0 c:/program files (x86)/atmel/studio/7.0/toolchain/avr8/avr8-gnu-toolchain/bin/../lib/gcc/avr/5.4.0/avrxmega3\libgcc.a(_mulshisi3.o)
 .text.libgcc.prologue
                0x00000000        0x0 c:/program files (x86)/atmel/studio/7.0/toolchain/avr8/avr8-gnu-toolchain/bin/../lib/gcc/avr/5.4.0/avrxmega3\libgcc.a(_mulshisi3.o)
 .text.libgcc.builtins
                0x00000000        0x0 c:/program files (x86)/atmel/studio/7.0/toolchain/avr8/avr8-gnu-toolchain/bin/../lib/gcc/avr/5.4.0/avrxmega3\libgcc.a(_mulshisi3.o)
 .text.libgcc.fmul
                0x00000000        0x0 c:/program files (x86)/atmel/studio/7.0/toolchain/avr8/avr8-gnu-toolchain/bin/../lib/gcc/avr/5.4.0/avrxmega3\libgcc.a(_mulshisi3.o)
 .text.libgcc.fixed
                0x00000000        0x0 c:/program files (x86)/atmel/studio/7.0/toolchain/avr8/avr8-gnu-toolchain/bin/../lib/gcc/avr/5.4.0/avrxmega3\libgcc.a(_mulshisi3.o)

Memory Configuration

Name             Origin             Length             Attributes
text             0x00000000         0x00100000         xr
data             0x00802000         0x0000ffa0         rw !x
eeprom           0x00810000         0x00010000         rw !x
fuse             0x00820000         0x00000009         rw !x
lock             0x00830000         0x00000400         rw !x
signature        0x00840000         0x00000400         rw !x
user_signatures  0x00850000         0x00000400         rw !x
*default*        0x00000000         0xffffffff

Linker script and memory map

Address of section .data set to 0x803800
                0x00008000                __RODATA_PM_OFFSET__ = 0x8000
LOAD C:/Program Files (x86)/Atmel/Studio/7.0/Packs/atmel/ATtiny_DFP/1.3.147/gcc/dev/attiny1617/avrxmega3/crtattiny1617.o
LOAD atmel_start.o
LOAD dali_slave/dali_bit/dali_bit.o
LOAD dali_slave/dali_bod/dali_bod.o
LOAD dali_slave/dali_eeprom/dali_eeprom.o
LOAD dali_slave/dali_stack/dali_command/dali_cmd.o
LOAD dali_slave/dali_stack/dali_frame/dali_frame.o
LOAD dali_slave/dali_stack/dali_hal/dali_hal.o
LOAD dali_slave/dali_timer/dali_tc.o
LOAD driver_isr.o
LOAD main.o
LOAD src/adc_window.o
LOAD src/bod.o
LOAD src/clkctrl.o
LOAD src/cpuint.o
LOAD src/driver_init.o
LOAD src/protected_io.o
LOAD src/slpctrl.o
START GROUP
LOAD c:/program files (x86)/atmel/studio/7.0/toolchain/avr8/avr8-gnu-toolchain/bin/../lib/gcc/avr/5.4.0/../../../../avr/lib/avrxmega3\libm.a
END GROUP
START GROUP
LOAD c:/program files (x86)/atmel/studio/7.0/toolchain/avr8/avr8-gnu-toolchain/bin/../lib/gcc/avr/5.4.0/avrxmega3\libgcc.a
LOAD c:/program files (x86)/atmel/studio/7.0/toolchain/avr8/avr8-gnu-toolchain/bin/../lib/gcc/avr/5.4.0/../../../../avr/lib/avrxmega3\libm.a
LOAD c:/program files (x86)/atmel/studio/7.0/toolchain/avr8/avr8-gnu-toolchain/bin/../lib/gcc/avr/5.4.0/../../../../avr/lib/avrxmega3\libc.a
LOAD C:/Program Files (x86)/Atmel/Studio/7.0/Packs/atmel/ATtiny_DFP/1.3.147/gcc/dev/attiny1617/avrxmega3\libattiny1617.a
END GROUP
                0x00100000                __TEXT_REGION_LENGTH__ = DEFINED (__TEXT_REGION_LENGTH__)?__TEXT_REGION_LENGTH__:0x100000
                0x0000ffa0                __DATA_REGION_LENGTH__ = DEFINED (__DATA_REGION_LENGTH__)?__DATA_REGION_LENGTH__:0xffa0
                0x00010000                __EEPROM_REGION_LENGTH__ = DEFINED (__EEPROM_REGION_LENGTH__)?__EEPROM_REGION_LENGTH__:0x10000
                [0x00000009]                __FUSE_REGION_LENGTH__ = DEFINED (__FUSE_REGION_LENGTH__)?__FUSE_REGION_LENGTH__:0x400
                0x00000400                __LOCK_REGION_LENGTH__ = DEFINED (__LOCK_REGION_LENGTH__)?__LOCK_REGION_LENGTH__:0x400
                0x00000400                __SIGNATURE_REGION_LENGTH__ = DEFINED (__SIGNATURE_REGION_LENGTH__)?__SIGNATURE_REGION_LENGTH__:0x400
                0x00000400                __USER_SIGNATURE_REGION_LENGTH__ = DEFINED (__USER_SIGNATURE_REGION_LENGTH__)?__USER_SIGNATURE_REGION_LENGTH__:0x400
                0x00008000                __RODATA_PM_OFFSET__ = DEFINED (__RODATA_PM_OFFSET__)?__RODATA_PM_OFFSET__:0x8000

.hash
 *(.hash)

.dynsym
 *(.dynsym)

.dynstr
 *(.dynstr)

.gnu.version
 *(.gnu.version)

.gnu.version_d
 *(.gnu.version_d)

.gnu.version_r
 *(.gnu.version_r)

.rel.init
 *(.rel.init)

.rela.init
 *(.rela.init)

.rel.text
 *(.rel.text)
 *(.rel.text.*)
 *(.rel.gnu.linkonce.t*)

.rela.text
 *(.rela.text)
 *(.rela.text.*)
 *(.rela.gnu.linkonce.t*)

.rel.fini
 *(.rel.fini)

.rela.fini
 *(.rela.fini)

.rel.rodata
 *(.rel.rodata)
 *(.rel.rodata.*)
 *(.rel.gnu.linkonce.r*)

.rela.rodata
 *(.rela.rodata)
 *(.rela.rodata.*)
 *(.rela.gnu.linkonce.r*)

.rel.data
 *(.rel.data)
 *(.rel.data.*)
 *(.rel.gnu.linkonce.d*)

.rela.data
 *(.rela.data)
 *(.rela.data.*)
 *(.rela.gnu.linkonce.d*)

.rel.ctors
 *(.rel.ctors)

.rela.ctors
 *(.rela.ctors)

.rel.dtors
 *(.rel.dtors)

.rela.dtors
 *(.rela.dtors)

.rel.got
 *(.rel.got)

.rela.got
 *(.rela.got)

.rel.bss
 *(.rel.bss)

.rela.bss
 *(.rela.bss)

.rel.plt
 *(.rel.plt)

.rela.plt
 *(.rela.plt)

.text           0x00000000     0x334e
 *(.vectors)
 .vectors       0x00000000       0x7c C:/Program Files (x86)/Atmel/Studio/7.0/Packs/atmel/ATtiny_DFP/1.3.147/gcc/dev/attiny1617/avrxmega3/crtattiny1617.o
                0x00000000                __vector_default
                0x00000000                __vectors
 *(.vectors)
 *(.progmem.gcc*)
 .progmem.gcc_sw_table.dali_cmd_process_extended_application
                0x0000007c       0x3a dali_slave/dali_stack/dali_command/dali_cmd.o
 .progmem.gcc_sw_table.dali_cmd_process_special
                0x000000b6       0x52 dali_slave/dali_stack/dali_command/dali_cmd.o
 .progmem.gcc_sw_table.dali_command_fade_ms_tick
                0x00000108       0x14 dali_slave/dali_stack/dali_command/dali_cmd.o
 .progmem.gcc_sw_table.dali_cmd_process_common
                0x0000011c      0x18c dali_slave/dali_stack/dali_command/dali_cmd.o
 .progmem.gcc_sw_table.dali_process_frame_state
                0x000002a8       0x10 dali_slave/dali_stack/dali_frame/dali_frame.o
                0x000002b8                . = ALIGN (0x2)
                0x000002b8                __trampolines_start = .
 *(.trampolines)
 .trampolines   0x000002b8        0x0 linker stubs
 *(.trampolines*)
                0x000002b8                __trampolines_end = .
 *libprintf_flt.a:*(.progmem.data)
 *libc.a:*(.progmem.data)
 *(.progmem*)
 .progmem.data.flash_inv_fadetime_val
                0x000002b8       0x20 dali_slave/dali_stack/dali_command/dali_cmd.o
                0x000002b8                flash_inv_fadetime_val
 .progmem.data.flash_fade_rate_val
                0x000002d8       0x20 dali_slave/dali_stack/dali_command/dali_cmd.o
                0x000002d8                flash_fade_rate_val
 .progmem.data.flash_low_pwm_val
                0x000002f8      0x100 dali_slave/dali_stack/dali_command/dali_cmd.o
                0x000002f8                flash_low_pwm_val
 .progmem.data.flash_high_pwm_val
                0x000003f8       0x80 dali_slave/dali_stack/dali_command/dali_cmd.o
                0x000003f8                flash_high_pwm_val
 .progmem.data.flash_temperature_val
                0x00000478      0x100 src/adc_window.o
                0x00000478                flash_temperature_val
                0x00000578                . = ALIGN (0x2)
 *(.jumptables)
 *(.jumptables*)
 *(.lowtext)
 *(.lowtext*)
                0x00000578                __ctors_start = .
 *(.ctors)
                0x00000578                __ctors_end = .
                0x00000578                __dtors_start = .
 *(.dtors)
                0x00000578                __dtors_end = .
 SORT(*)(.ctors)
 SORT(*)(.dtors)
 *(.init0)
 .init0         0x00000578        0x0 C:/Program Files (x86)/Atmel/Studio/7.0/Packs/atmel/ATtiny_DFP/1.3.147/gcc/dev/attiny1617/avrxmega3/crtattiny1617.o
                0x00000578                __init
 *(.init0)
 *(.init1)
 *(.init1)
 *(.init2)
 .init2         0x00000578        0xc C:/Program Files (x86)/Atmel/Studio/7.0/Packs/atmel/ATtiny_DFP/1.3.147/gcc/dev/attiny1617/avrxmega3/crtattiny1617.o
 *(.init2)
 *(.init3)
 *(.init3)
 *(.init4)
 .init4         0x00000584       0x16 c:/program files (x86)/atmel/studio/7.0/toolchain/avr8/avr8-gnu-toolchain/bin/../lib/gcc/avr/5.4.0/avrxmega3\libgcc.a(_copy_data.o)
                0x00000584                __do_copy_data
 .init4         0x0000059a       0x10 c:/program files (x86)/atmel/studio/7.0/toolchain/avr8/avr8-gnu-toolchain/bin/../lib/gcc/avr/5.4.0/avrxmega3\libgcc.a(_clear_bss.o)
                0x0000059a                __do_clear_bss
 *(.init4)
 *(.init5)
 *(.init5)
 *(.init6)
 *(.init6)
 *(.init7)
 *(.init7)
 *(.init8)
 *(.init8)
 *(.init9)
 .init9         0x000005aa        0x8 C:/Program Files (x86)/Atmel/Studio/7.0/Packs/atmel/ATtiny_DFP/1.3.147/gcc/dev/attiny1617/avrxmega3/crtattiny1617.o
 *(.init9)
 *(.text)
 .text          0x000005b2        0x4 C:/Program Files (x86)/Atmel/Studio/7.0/Packs/atmel/ATtiny_DFP/1.3.147/gcc/dev/attiny1617/avrxmega3/crtattiny1617.o
                0x000005b2                __vector_22
                0x000005b2                __vector_28
                0x000005b2                __vector_1
                0x000005b2                __vector_24
                0x000005b2                __vector_12
                0x000005b2                __bad_interrupt
                0x000005b2                __vector_6
                0x000005b2                __vector_3
                0x000005b2                __vector_23
                0x000005b2                __vector_30
                0x000005b2                __vector_25
                0x000005b2                __vector_11
                0x000005b2                __vector_17
                0x000005b2                __vector_19
                0x000005b2                __vector_7
                0x000005b2                __vector_27
                0x000005b2                __vector_5
                0x000005b2                __vector_9
                0x000005b2                __vector_21
                0x000005b2                __vector_15
                0x000005b2                __vector_29
                0x000005b2                __vector_26
                0x000005b2                __vector_14
                0x000005b2                __vector_10
                0x000005b2                __vector_16
                0x000005b2                __vector_18
                0x000005b2                __vector_20
                0x000005b6                . = ALIGN (0x2)
 *(.text.*)
 .text.dali_bit_init
                0x000005b6       0x12 dali_slave/dali_bit/dali_bit.o
                0x000005b6                dali_bit_init
 .text.__vector_4
                0x000005c8      0x14c dali_slave/dali_bit/dali_bit.o
                0x000005c8                __vector_4
 .text.__vector_13
                0x00000714      0x1e2 dali_slave/dali_bit/dali_bit.o
                0x00000714                __vector_13
 .text.dali_bod_init
                0x000008f6        0xc dali_slave/dali_bod/dali_bod.o
                0x000008f6                dali_bod_init
 .text.__vector_2
                0x00000902       0x58 dali_slave/dali_bod/dali_bod.o
                0x00000902                __vector_2
 .text.dali_read_target_level_from_eeprom
                0x0000095a       0x34 dali_slave/dali_eeprom/dali_eeprom.o
                0x0000095a                dali_read_target_level_from_eeprom
 .text.dali_load_from_eeprom
                0x0000098e       0xd8 dali_slave/dali_eeprom/dali_eeprom.o
                0x0000098e                dali_load_from_eeprom
 .text.dali_write_target_level_to_eeprom
                0x00000a66       0x6c dali_slave/dali_eeprom/dali_eeprom.o
                0x00000a66                dali_write_target_level_to_eeprom
 .text.dali_update_to_eeprom
                0x00000ad2      0x14c dali_slave/dali_eeprom/dali_eeprom.o
                0x00000ad2                dali_update_to_eeprom
 .text.dali_eeprom_update_tick
                0x00000c1e       0x26 dali_slave/dali_eeprom/dali_eeprom.o
                0x00000c1e                dali_eeprom_update_tick
 .text.dali_cmd_direct_arc_power_control
                0x00000c44      0x2da dali_slave/dali_stack/dali_command/dali_cmd.o
                0x00000c44                dali_cmd_direct_arc_power_control
 .text.dali_cmd_process_extended_application
                0x00000f1e      0x12a dali_slave/dali_stack/dali_command/dali_cmd.o
                0x00000f1e                dali_cmd_process_extended_application
 .text.dali_cmd_process_special
                0x00001048      0x3e0 dali_slave/dali_stack/dali_command/dali_cmd.o
                0x00001048                dali_cmd_process_special
 .text.dali_cmd_check_reset_state
                0x00001428       0xe6 dali_slave/dali_stack/dali_command/dali_cmd.o
                0x00001428                dali_cmd_check_reset_state
 .text.dali_cmd_set_pwm_output
                0x0000150e       0x4e dali_slave/dali_stack/dali_command/dali_cmd.o
                0x0000150e                dali_cmd_set_pwm_output
 .text.dali_cmd_read_pwm_value
                0x0000155c       0x4a dali_slave/dali_stack/dali_command/dali_cmd.o
                0x0000155c                dali_cmd_read_pwm_value
 .text.dali_process_power_on
                0x000015a6       0x7e dali_slave/dali_stack/dali_command/dali_cmd.o
                0x000015a6                dali_process_power_on
 .text.dali_process_interface_failure
                0x00001624       0x46 dali_slave/dali_stack/dali_command/dali_cmd.o
                0x00001624                dali_process_interface_failure
 .text.dali_process_identify_device
                0x0000166a       0x2a dali_slave/dali_stack/dali_command/dali_cmd.o
                0x0000166a                dali_process_identify_device
 .text.dali_command_fade_ms_tick
                0x00001694      0x4a6 dali_slave/dali_stack/dali_command/dali_cmd.o
                0x00001694                dali_command_fade_ms_tick
 .text.dali_reset_memory_bank1
                0x00001b3a       0x4c dali_slave/dali_stack/dali_command/dali_cmd.o
                0x00001b3a                dali_reset_memory_bank1
 .text.dali_cmd_init
                0x00001b86      0x106 dali_slave/dali_stack/dali_command/dali_cmd.o
                0x00001b86                dali_cmd_init
 .text.dali_cmd_process_common
                0x00001c8c      0xc46 dali_slave/dali_stack/dali_command/dali_cmd.o
                0x00001c8c                dali_cmd_process_common
 .text.dali_cmd_process_normal
                0x000028d2       0x14 dali_slave/dali_stack/dali_command/dali_cmd.o
                0x000028d2                dali_cmd_process_normal
 .text.dali_frame_init
                0x000028e6        0xa dali_slave/dali_stack/dali_frame/dali_frame.o
                0x000028e6                dali_frame_init
 .text.dali_frame_check_addr
                0x000028f0       0x92 dali_slave/dali_stack/dali_frame/dali_frame.o
                0x000028f0                dali_frame_check_addr
 .text.dali_frame_process_data
                0x00002982       0x5c dali_slave/dali_stack/dali_frame/dali_frame.o
                0x00002982                dali_frame_process_data
 .text.dali_process_frame_state
                0x000029de      0x140 dali_slave/dali_stack/dali_frame/dali_frame.o
                0x000029de                dali_process_frame_state
 .text.dali_frame_ms_tick
                0x00002b1e       0x10 dali_slave/dali_stack/dali_frame/dali_frame.o
                0x00002b1e                dali_frame_ms_tick
 .text.dali_set_addr_to_stack
                0x00002b2e        0x6 dali_slave/dali_stack/dali_frame/dali_frame.o
                0x00002b2e                dali_set_addr_to_stack
 .text.dali_set_data_to_stack
                0x00002b34        0x6 dali_slave/dali_stack/dali_frame/dali_frame.o
                0x00002b34                dali_set_data_to_stack
 .text.dali_get_sent_status_from_stack
                0x00002b3a        0x6 dali_slave/dali_stack/dali_frame/dali_frame.o
                0x00002b3a                dali_get_sent_status_from_stack
 .text.dali_set_sent_status_to_stack
                0x00002b40        0x6 dali_slave/dali_stack/dali_frame/dali_frame.o
                0x00002b40                dali_set_sent_status_to_stack
 .text.dali_set_received_flag_to_stack
                0x00002b46        0x6 dali_slave/dali_stack/dali_frame/dali_frame.o
                0x00002b46                dali_set_received_flag_to_stack
 .text.dali_get_sent_data_from_stack
                0x00002b4c        0x6 dali_slave/dali_stack/dali_frame/dali_frame.o
                0x00002b4c                dali_get_sent_data_from_stack
 .text.dali_get_data_addr_from_stack
                0x00002b52        0x6 dali_slave/dali_stack/dali_frame/dali_frame.o
                0x00002b52                dali_get_data_addr_from_stack
 .text.dali_get_data_size_from_stack
                0x00002b58        0x4 dali_slave/dali_stack/dali_frame/dali_frame.o
                0x00002b58                dali_get_data_size_from_stack
 .text.dali_get_update_flag_addr_from_stack
                0x00002b5c        0x6 dali_slave/dali_stack/dali_frame/dali_frame.o
                0x00002b5c                dali_get_update_flag_addr_from_stack
 .text.dali_hal_enable_forward_disable_backward
                0x00002b62        0xc dali_slave/dali_stack/dali_hal/dali_hal.o
                0x00002b62                dali_hal_enable_forward_disable_backward
 .text.dali_hal_disable_forward_enable_backward
                0x00002b6e       0x10 dali_slave/dali_stack/dali_hal/dali_hal.o
                0x00002b6e                dali_hal_disable_forward_enable_backward
 .text.dali_hal_get_dali_input_level
                0x00002b7e        0x8 dali_slave/dali_stack/dali_hal/dali_hal.o
                0x00002b7e                dali_hal_get_dali_input_level
 .text.dali_hal_update_pwm_output
                0x00002b86       0x14 dali_slave/dali_stack/dali_hal/dali_hal.o
                0x00002b86                dali_hal_update_pwm_output
 .text.dali_hal_get_seed0_value
                0x00002b9a        0xe dali_slave/dali_stack/dali_hal/dali_hal.o
                0x00002b9a                dali_hal_get_seed0_value
 .text.dali_hal_get_seed1_value
                0x00002ba8        0xe dali_slave/dali_stack/dali_hal/dali_hal.o
                0x00002ba8                dali_hal_get_seed1_value
 .text.dali_hal_save_persistent_variables
                0x00002bb6        0x6 dali_slave/dali_stack/dali_hal/dali_hal.o
                0x00002bb6                dali_hal_save_persistent_variables
 .text.dali_hal_identify_device
                0x00002bbc        0x2 dali_slave/dali_stack/dali_hal/dali_hal.o
                0x00002bbc                dali_hal_identify_device
 .text.dali_tc_init
                0x00002bbe       0x4c dali_slave/dali_timer/dali_tc.o
                0x00002bbe                dali_tc_init
 .text.__vector_8
                0x00002c0a       0x22 dali_slave/dali_timer/dali_tc.o
                0x00002c0a                __vector_8
 .text.system_mcu_init
                0x00002c2c        0xa main.o
                0x00002c2c                system_mcu_init
 .text.dali_init
                0x00002c36       0x12 main.o
                0x00002c36                dali_init
 .text.dali_process_ms_tick
                0x00002c48       0x3c main.o
                0x00002c48                dali_process_ms_tick
 .text.main     0x00002c84       0x24 main.o
                0x00002c84                main
 .text.ADC_0_init
                0x00002ca8       0x1c src/adc_window.o
                0x00002ca8                ADC_0_init
 .text.ADC_0_is_conversion_done
                0x00002cc4        0x8 src/adc_window.o
                0x00002cc4                ADC_0_is_conversion_done
 .text.ADC_0_get_conversion_result
                0x00002ccc       0x5e src/adc_window.o
                0x00002ccc                ADC_0_get_conversion_result
 .text.ADC_0_result_processing
                0x00002d2a       0x1a src/adc_window.o
                0x00002d2a                ADC_0_result_processing
 .text.ADC_0_initialization
                0x00002d44       0x18 src/adc_window.o
                0x00002d44                ADC_0_initialization
 .text.avr-libc.fplib
                0x00002d5c        0xe c:/program files (x86)/atmel/studio/7.0/toolchain/avr8/avr8-gnu-toolchain/bin/../lib/gcc/avr/5.4.0/../../../../avr/lib/avrxmega3\libm.a(addsf3.o)
                0x00002d5c                __subsf3
                0x00002d5e                __addsf3
 .text.avr-libc.fplib
                0x00002d6a       0xcc c:/program files (x86)/atmel/studio/7.0/toolchain/avr8/avr8-gnu-toolchain/bin/../lib/gcc/avr/5.4.0/../../../../avr/lib/avrxmega3\libm.a(addsf3x.o)
                0x00002d8c                __addsf3x
 .text.avr-libc.fplib
                0x00002e36        0x8 c:/program files (x86)/atmel/studio/7.0/toolchain/avr8/avr8-gnu-toolchain/bin/../lib/gcc/avr/5.4.0/../../../../avr/lib/avrxmega3\libm.a(divsf3.o)
                0x00002e36                __divsf3
 .text.avr-libc.fplib
                0x00002e3e       0xdc c:/program files (x86)/atmel/studio/7.0/toolchain/avr8/avr8-gnu-toolchain/bin/../lib/gcc/avr/5.4.0/../../../../avr/lib/avrxmega3\libm.a(divsf3x.o)
                0x00002e5e                __divsf3x
                0x00002e64                __divsf3_pse
 .text.avr-libc.fplib
                0x00002f1a       0x5e c:/program files (x86)/atmel/studio/7.0/toolchain/avr8/avr8-gnu-toolchain/bin/../lib/gcc/avr/5.4.0/../../../../avr/lib/avrxmega3\libm.a(fixunssfsi.o)
                0x00002f1a                __fixunssfsi
 .text.avr-libc.fplib
                0x00002f78       0x7a c:/program files (x86)/atmel/studio/7.0/toolchain/avr8/avr8-gnu-toolchain/bin/../lib/gcc/avr/5.4.0/../../../../avr/lib/avrxmega3\libm.a(floatsisf.o)
                0x00002f78                __floatunsisf
                0x00002f7c                __floatsisf
 .text.avr-libc.fplib
                0x00002ff2        0xc c:/program files (x86)/atmel/studio/7.0/toolchain/avr8/avr8-gnu-toolchain/bin/../lib/gcc/avr/5.4.0/../../../../avr/lib/avrxmega3\libm.a(fp_inf.o)
                0x00002ff2                __fp_inf
 .text.avr-libc.fplib
                0x00002ffe        0x6 c:/program files (x86)/atmel/studio/7.0/toolchain/avr8/avr8-gnu-toolchain/bin/../lib/gcc/avr/5.4.0/../../../../avr/lib/avrxmega3\libm.a(fp_nan.o)
                0x00002ffe                __fp_nan
 .text.avr-libc.fplib
                0x00003004        0xe c:/program files (x86)/atmel/studio/7.0/toolchain/avr8/avr8-gnu-toolchain/bin/../lib/gcc/avr/5.4.0/../../../../avr/lib/avrxmega3\libm.a(fp_pscA.o)
                0x00003004                __fp_pscA
 .text.avr-libc.fplib
                0x00003012        0xe c:/program files (x86)/atmel/studio/7.0/toolchain/avr8/avr8-gnu-toolchain/bin/../lib/gcc/avr/5.4.0/../../../../avr/lib/avrxmega3\libm.a(fp_pscB.o)
                0x00003012                __fp_pscB
 .text.avr-libc.fplib
                0x00003020       0x22 c:/program files (x86)/atmel/studio/7.0/toolchain/avr8/avr8-gnu-toolchain/bin/../lib/gcc/avr/5.4.0/../../../../avr/lib/avrxmega3\libm.a(fp_round.o)
                0x00003020                __fp_round
 .text.avr-libc.fplib
                0x00003042       0x44 c:/program files (x86)/atmel/studio/7.0/toolchain/avr8/avr8-gnu-toolchain/bin/../lib/gcc/avr/5.4.0/../../../../avr/lib/avrxmega3\libm.a(fp_split3.o)
                0x00003042                __fp_split3
                0x00003052                __fp_splitA
 .text.avr-libc.fplib
                0x00003086        0xe c:/program files (x86)/atmel/studio/7.0/toolchain/avr8/avr8-gnu-toolchain/bin/../lib/gcc/avr/5.4.0/../../../../avr/lib/avrxmega3\libm.a(fp_zero.o)
                0x00003086                __fp_zero
                0x00003088                __fp_szero
 .text.avr-libc.fplib
                0x00003094        0xa c:/program files (x86)/atmel/studio/7.0/toolchain/avr8/avr8-gnu-toolchain/bin/../lib/gcc/avr/5.4.0/../../../../avr/lib/avrxmega3\libm.a(gesf2.o)
                0x00003094                __gesf2
                0x00003094                __gtsf2
 .text.avr-libc.fplib
                0x0000309e        0x8 c:/program files (x86)/atmel/studio/7.0/toolchain/avr8/avr8-gnu-toolchain/bin/../lib/gcc/avr/5.4.0/../../../../avr/lib/avrxmega3\libm.a(mulsf3.o)
                0x0000309e                __mulsf3
 .text.avr-libc.fplib
                0x000030a6       0xd2 c:/program files (x86)/atmel/studio/7.0/toolchain/avr8/avr8-gnu-toolchain/bin/../lib/gcc/avr/5.4.0/../../../../avr/lib/avrxmega3\libm.a(mulsf3x.o)
                0x000030c4                __mulsf3x
                0x000030ca                __mulsf3_pse
 .text.avr-libc.fplib
                0x00003178       0x48 c:/program files (x86)/atmel/studio/7.0/toolchain/avr8/avr8-gnu-toolchain/bin/../lib/gcc/avr/5.4.0/../../../../avr/lib/avrxmega3\libm.a(fp_cmp.o)
                0x00003178                __fp_cmp
 .text.libgcc.div
                0x000031c0       0x44 c:/program files (x86)/atmel/studio/7.0/toolchain/avr8/avr8-gnu-toolchain/bin/../lib/gcc/avr/5.4.0/avrxmega3\libgcc.a(_udivmodsi4.o)
                0x000031c0                __udivmodsi4
 .text.libgcc   0x00003204        0xc c:/program files (x86)/atmel/studio/7.0/toolchain/avr8/avr8-gnu-toolchain/bin/../lib/gcc/avr/5.4.0/avrxmega3\libgcc.a(_tablejump2.o)
                0x00003204                __tablejump2__
 .text.libgcc.mul
                0x00003210       0x1e c:/program files (x86)/atmel/studio/7.0/toolchain/avr8/avr8-gnu-toolchain/bin/../lib/gcc/avr/5.4.0/avrxmega3\libgcc.a(_umulhisi3.o)
                0x00003210                __umulhisi3
 .text.libgcc.mul
                0x0000322e       0x16 c:/program files (x86)/atmel/studio/7.0/toolchain/avr8/avr8-gnu-toolchain/bin/../lib/gcc/avr/5.4.0/avrxmega3\libgcc.a(_muluhisi3.o)
                0x0000322e                __muluhisi3
 .text.avr-libc
                0x00003244       0xb8 c:/program files (x86)/atmel/studio/7.0/toolchain/avr8/avr8-gnu-toolchain/bin/../lib/gcc/avr/5.4.0/../../../../avr/lib/avrxmega3\libc.a(rand.o)
                0x000032d6                rand_r
                0x000032dc                rand
                0x000032e6                srand
 .text.libgcc.div
                0x000032fc       0x2e c:/program files (x86)/atmel/studio/7.0/toolchain/avr8/avr8-gnu-toolchain/bin/../lib/gcc/avr/5.4.0/avrxmega3\libgcc.a(_divmodsi4.o)
                0x000032fc                __divmodsi4
 .text.libgcc.div
                0x0000332a       0x10 c:/program files (x86)/atmel/studio/7.0/toolchain/avr8/avr8-gnu-toolchain/bin/../lib/gcc/avr/5.4.0/avrxmega3\libgcc.a(_negsi2.o)
                0x0000332a                __negsi2
 .text.libgcc.mul
                0x0000333a       0x10 c:/program files (x86)/atmel/studio/7.0/toolchain/avr8/avr8-gnu-toolchain/bin/../lib/gcc/avr/5.4.0/avrxmega3\libgcc.a(_mulshisi3.o)
                0x0000333a                __mulshisi3
                0x00003340                __mulohisi3
                0x0000334a                . = ALIGN (0x2)
 *(.fini9)
 .fini9         0x0000334a        0x0 c:/program files (x86)/atmel/studio/7.0/toolchain/avr8/avr8-gnu-toolchain/bin/../lib/gcc/avr/5.4.0/avrxmega3\libgcc.a(_exit.o)
                0x0000334a                _exit
                0x0000334a                exit
 *(.fini9)
 *(.fini8)
 *(.fini8)
 *(.fini7)
 *(.fini7)
 *(.fini6)
 *(.fini6)
 *(.fini5)
 *(.fini5)
 *(.fini4)
 *(.fini4)
 *(.fini3)
 *(.fini3)
 *(.fini2)
 *(.fini2)
 *(.fini1)
 *(.fini1)
 *(.fini0)
 .fini0         0x0000334a        0x4 c:/program files (x86)/atmel/studio/7.0/toolchain/avr8/avr8-gnu-toolchain/bin/../lib/gcc/avr/5.4.0/avrxmega3\libgcc.a(_exit.o)
 *(.fini0)
                0x0000334e                _etext = .

.rodata
 *(.rodata)
 *(.rodata*)
 *(.gnu.linkonce.r*)

.data           0x00803800       0x14 load address 0x0000334e
                0x00803800                PROVIDE (__data_start, .)
 *(.data)
 .data          0x00803800        0x4 c:/program files (x86)/atmel/studio/7.0/toolchain/avr8/avr8-gnu-toolchain/bin/../lib/gcc/avr/5.4.0/../../../../avr/lib/avrxmega3\libc.a(rand.o)
 *(.data*)
 .data.extended_fade_time_mul
                0x00803804        0xa dali_slave/dali_stack/dali_command/dali_cmd.o
                0x00803804                extended_fade_time_mul
 .data.power_on_flag
                0x0080380e        0x1 dali_slave/dali_stack/dali_command/dali_cmd.o
                0x0080380e                power_on_flag
 .data.power_on_time
                0x0080380f        0x2 dali_slave/dali_stack/dali_command/dali_cmd.o
                0x0080380f                power_on_time
 .data.ms_count
                0x00803811        0x2 main.o
                0x00803811                ms_count
 *(.gnu.linkonce.d*)
                0x00803814                . = ALIGN (0x2)
 *fill*         0x00803813        0x1 
                0x00803814                _edata = .
                0x00803814                PROVIDE (__data_end, .)

.bss            0x00803814       0xbb
                0x00803814                PROVIDE (__bss_start, .)
 *(.bss)
 *(.bss*)
 .bss.bit_length.3914
                0x00803814        0x1 dali_slave/dali_bit/dali_bit.o
 .bss.dali_bit_index.3913
                0x00803815        0x1 dali_slave/dali_bit/dali_bit.o
 .bss.bit_index.3906
                0x00803816        0x1 dali_slave/dali_bit/dali_bit.o
 .bss.update_state
                0x00803817        0x1 dali_slave/dali_eeprom/dali_eeprom.o
                0x00803817                update_state
 .bss.page_index
                0x00803818        0x1 dali_slave/dali_eeprom/dali_eeprom.o
                0x00803818                page_index
 .bss.recall_level_flag
                0x00803819        0x1 dali_slave/dali_stack/dali_command/dali_cmd.o
                0x00803819                recall_level_flag
 .bss.failure_status
                0x0080381a        0x1 dali_slave/dali_stack/dali_command/dali_cmd.o
                0x0080381a                failure_status
 .bss.need_fade
                0x0080381b        0x1 dali_slave/dali_stack/dali_command/dali_cmd.o
                0x0080381b                need_fade
 .bss.dapc_sequence
                0x0080381c        0x1 dali_slave/dali_stack/dali_command/dali_cmd.o
                0x0080381c                dapc_sequence
 .bss.device_enabled
                0x0080381d        0x1 dali_slave/dali_stack/dali_command/dali_cmd.o
                0x0080381d                device_enabled
 .bss.withdraw  0x0080381e        0x1 dali_slave/dali_stack/dali_command/dali_cmd.o
                0x0080381e                withdraw
 .bss.dtr2      0x0080381f        0x1 dali_slave/dali_stack/dali_command/dali_cmd.o
                0x0080381f                dtr2
 .bss.dtr1      0x00803820        0x1 dali_slave/dali_stack/dali_command/dali_cmd.o
                0x00803820                dtr1
 .bss.dtr0      0x00803821        0x1 dali_slave/dali_stack/dali_command/dali_cmd.o
                0x00803821                dtr0
 .bss.fade_direction
                0x00803822        0x1 dali_slave/dali_stack/dali_command/dali_cmd.o
                0x00803822                fade_direction
 .bss.interface_fail_time
                0x00803823        0x2 dali_slave/dali_stack/dali_command/dali_cmd.o
                0x00803823                interface_fail_time
 .bss.interface_fail_flag
                0x00803825        0x1 dali_slave/dali_stack/dali_command/dali_cmd.o
                0x00803825                interface_fail_flag
 .bss.identify_flag
                0x00803826        0x1 dali_slave/dali_stack/dali_command/dali_cmd.o
                0x00803826                identify_flag
 .bss.w10s_identify_time
                0x00803827        0x4 dali_slave/dali_stack/dali_command/dali_cmd.o
                0x00803827                w10s_identify_time
 .bss.w15min_waiting_time
                0x0080382b        0x4 dali_slave/dali_stack/dali_command/dali_cmd.o
                0x0080382b                w15min_waiting_time
 .bss.led_module_operating_mode
                0x0080382f        0x1 dali_slave/dali_stack/dali_command/dali_cmd.o
                0x0080382f                led_module_operating_mode
 .bss.write_memory_enabled
                0x00803830        0x1 dali_slave/dali_stack/dali_command/dali_cmd.o
                0x00803830                write_memory_enabled
 .bss.active_state
                0x00803831        0x1 dali_slave/dali_stack/dali_frame/dali_frame.o
                0x00803831                active_state
 *(COMMON)
 COMMON         0x00803832        0x7 dali_slave/dali_bit/dali_bit.o
                0x00803832                dali_send_data
                0x00803833                status_receive
                0x00803834                send_status
                0x00803835                pin_level
                0x00803836                dali_rec_data
                0x00803837                level_time
                0x00803838                dali_rec_addr
 COMMON         0x00803839       0x20 dali_slave/dali_eeprom/dali_eeprom.o
                0x00803839                eeprom_page_buf
 COMMON         0x00803859       0x6b dali_slave/dali_stack/dali_command/dali_cmd.o
                0x00803859                last_active_level
                0x0080385a                current_fade_time
                0x0080385b                update_flag
                0x0080385c                dali
                0x00803860                dali_ram
                0x008038b5                status_information
                0x008038b6                optional_features
                0x008038b7                fade_step
                0x008038bb                dapc_sequence_time
                0x008038bc                search_address
                0x008038bf                fade_time_off_and_minlevel
                0x008038c3                current_fast_fade_time
 COMMON         0x008038c4        0x8 dali_slave/dali_stack/dali_frame/dali_frame.o
                0x008038c4                frame_state
                0x008038c5                service_info
                0x008038cb                data_backup
 COMMON         0x008038cc        0x1 main.o
                0x008038cc                ms_tick_flag
 COMMON         0x008038cd        0x2 src/adc_window.o
                0x008038cd                temperature
                0x008038ce                max_value
                0x008038cf                PROVIDE (__bss_end, .)
                0x0000334e                __data_load_start = LOADADDR (.data)
                0x00003362                __data_load_end = (__data_load_start + SIZEOF (.data))

.noinit         0x008038cf        0x0
                [!provide]                PROVIDE (__noinit_start, .)
 *(.noinit*)
                [!provide]                PROVIDE (__noinit_end, .)
                0x008038cf                _end = .
                [!provide]                PROVIDE (__heap_start, .)

.eeprom         0x00810000        0x0
 *(.eeprom*)
                0x00810000                __eeprom_end = .

.fuse
 *(.fuse)
 *(.lfuse)
 *(.hfuse)
 *(.efuse)

.lock
 *(.lock*)

.signature
 *(.signature*)

.user_signatures
 *(.user_signatures*)

.stab
 *(.stab)

.stabstr
 *(.stabstr)

.stab.excl
 *(.stab.excl)

.stab.exclstr
 *(.stab.exclstr)

.stab.index
 *(.stab.index)

.stab.indexstr
 *(.stab.indexstr)

.comment        0x00000000       0x30
 *(.comment)
 .comment       0x00000000       0x30 dali_slave/dali_bit/dali_bit.o
                                 0x31 (size before relaxing)
 .comment       0x00000030       0x31 dali_slave/dali_bod/dali_bod.o
 .comment       0x00000030       0x31 dali_slave/dali_eeprom/dali_eeprom.o
 .comment       0x00000030       0x31 dali_slave/dali_stack/dali_command/dali_cmd.o
 .comment       0x00000030       0x31 dali_slave/dali_stack/dali_frame/dali_frame.o
 .comment       0x00000030       0x31 dali_slave/dali_stack/dali_hal/dali_hal.o
 .comment       0x00000030       0x31 dali_slave/dali_timer/dali_tc.o
 .comment       0x00000030       0x31 main.o
 .comment       0x00000030       0x31 src/adc_window.o
 .comment       0x00000030       0x31 c:/program files (x86)/atmel/studio/7.0/toolchain/avr8/avr8-gnu-toolchain/bin/../lib/gcc/avr/5.4.0/../../../../avr/lib/avrxmega3\libc.a(rand.o)

.note.gnu.avr.deviceinfo
                0x00000000       0x40
 .note.gnu.avr.deviceinfo
                0x00000000       0x40 C:/Program Files (x86)/Atmel/Studio/7.0/Packs/atmel/ATtiny_DFP/1.3.147/gcc/dev/attiny1617/avrxmega3/crtattiny1617.o

.note.gnu.build-id
 *(.note.gnu.build-id)

.debug
 *(.debug)

.line
 *(.line)

.debug_srcinfo
 *(.debug_srcinfo)

.debug_sfnames
 *(.debug_sfnames)

.debug_aranges  0x00000000      0x318
 *(.debug_aranges)
 .debug_aranges
                0x00000000       0x30 dali_slave/dali_bit/dali_bit.o
 .debug_aranges
                0x00000030       0x28 dali_slave/dali_bod/dali_bod.o
 .debug_aranges
                0x00000058       0x40 dali_slave/dali_eeprom/dali_eeprom.o
 .debug_aranges
                0x00000098       0x88 dali_slave/dali_stack/dali_command/dali_cmd.o
 .debug_aranges
                0x00000120       0xa0 dali_slave/dali_stack/dali_frame/dali_frame.o
 .debug_aranges
                0x000001c0       0x58 dali_slave/dali_stack/dali_hal/dali_hal.o
 .debug_aranges
                0x00000218       0x28 dali_slave/dali_timer/dali_tc.o
 .debug_aranges
                0x00000240       0x38 main.o
 .debug_aranges
                0x00000278       0xa0 src/adc_window.o

.debug_pubnames
 *(.debug_pubnames)

.debug_info     0x00000000     0x7479
 *(.debug_info .gnu.linkonce.wi.*)
 .debug_info    0x00000000     0x19ed C:/Program Files (x86)/Atmel/Studio/7.0/Packs/atmel/ATtiny_DFP/1.3.147/gcc/dev/attiny1617/avrxmega3/crtattiny1617.o
 .debug_info    0x000019ed      0x5fe dali_slave/dali_bit/dali_bit.o
 .debug_info    0x00001feb       0xc6 dali_slave/dali_bod/dali_bod.o
 .debug_info    0x000020b1      0x4c5 dali_slave/dali_eeprom/dali_eeprom.o
 .debug_info    0x00002576      0xe84 dali_slave/dali_stack/dali_command/dali_cmd.o
 .debug_info    0x000033fa      0x81a dali_slave/dali_stack/dali_frame/dali_frame.o
 .debug_info    0x00003c14     0x15dd dali_slave/dali_stack/dali_hal/dali_hal.o
 .debug_info    0x000051f1     0x132c dali_slave/dali_timer/dali_tc.o
 .debug_info    0x0000651d      0x448 main.o
 .debug_info    0x00006965      0xb14 src/adc_window.o

.debug_abbrev   0x00000000     0x2781
 *(.debug_abbrev)
 .debug_abbrev  0x00000000     0x1888 C:/Program Files (x86)/Atmel/Studio/7.0/Packs/atmel/ATtiny_DFP/1.3.147/gcc/dev/attiny1617/avrxmega3/crtattiny1617.o
 .debug_abbrev  0x00001888      0x187 dali_slave/dali_bit/dali_bit.o
 .debug_abbrev  0x00001a0f       0x94 dali_slave/dali_bod/dali_bod.o
 .debug_abbrev  0x00001aa3      0x1fa dali_slave/dali_eeprom/dali_eeprom.o
 .debug_abbrev  0x00001c9d      0x25a dali_slave/dali_stack/dali_command/dali_cmd.o
 .debug_abbrev  0x00001ef7      0x250 dali_slave/dali_stack/dali_frame/dali_frame.o
 .debug_abbrev  0x00002147      0x145 dali_slave/dali_stack/dali_hal/dali_hal.o
 .debug_abbrev  0x0000228c       0xff dali_slave/dali_timer/dali_tc.o
 .debug_abbrev  0x0000238b       0xea main.o
 .debug_abbrev  0x00002475      0x30c src/adc_window.o

.debug_line     0x00000000     0x34b0
 *(.debug_line .debug_line.* .debug_line_end)
 .debug_line    0x00000000      0x151 C:/Program Files (x86)/Atmel/Studio/7.0/Packs/atmel/ATtiny_DFP/1.3.147/gcc/dev/attiny1617/avrxmega3/crtattiny1617.o
 .debug_line    0x00000151      0x3e7 dali_slave/dali_bit/dali_bit.o
 .debug_line    0x00000538      0x115 dali_slave/dali_bod/dali_bod.o
 .debug_line    0x0000064d      0x48a dali_slave/dali_eeprom/dali_eeprom.o
 .debug_line    0x00000ad7     0x1ba2 dali_slave/dali_stack/dali_command/dali_cmd.o
 .debug_line    0x00002679      0x4ac dali_slave/dali_stack/dali_frame/dali_frame.o
 .debug_line    0x00002b25      0x211 dali_slave/dali_stack/dali_hal/dali_hal.o
 .debug_line    0x00002d36      0x18a dali_slave/dali_timer/dali_tc.o
 .debug_line    0x00002ec0      0x2a0 main.o
 .debug_line    0x00003160      0x350 src/adc_window.o

.debug_frame    0x00000000      0x6f0
 *(.debug_frame)
 .debug_frame   0x00000000       0xb4 dali_slave/dali_bit/dali_bit.o
 .debug_frame   0x000000b4       0x7c dali_slave/dali_bod/dali_bod.o
 .debug_frame   0x00000130       0x98 dali_slave/dali_eeprom/dali_eeprom.o
 .debug_frame   0x000001c8      0x1a8 dali_slave/dali_stack/dali_command/dali_cmd.o
 .debug_frame   0x00000370      0x130 dali_slave/dali_stack/dali_frame/dali_frame.o
 .debug_frame   0x000004a0       0x94 dali_slave/dali_stack/dali_hal/dali_hal.o
 .debug_frame   0x00000534       0x44 dali_slave/dali_timer/dali_tc.o
 .debug_frame   0x00000578       0x54 main.o
 .debug_frame   0x000005cc      0x124 src/adc_window.o

.debug_str      0x00000000     0x28e1
 *(.debug_str)
 .debug_str     0x00000000      0xacf C:/Program Files (x86)/Atmel/Studio/7.0/Packs/atmel/ATtiny_DFP/1.3.147/gcc/dev/attiny1617/avrxmega3/crtattiny1617.o
 .debug_str     0x00000acf      0x4c3 dali_slave/dali_bit/dali_bit.o
                                0x52d (size before relaxing)
 .debug_str     0x00000f92       0x56 dali_slave/dali_bod/dali_bod.o
                                0x1df (size before relaxing)
 .debug_str     0x00000fe8      0x221 dali_slave/dali_eeprom/dali_eeprom.o
                                0x455 (size before relaxing)
 .debug_str     0x00001209      0x7e9 dali_slave/dali_stack/dali_command/dali_cmd.o
                                0xa60 (size before relaxing)
 .debug_str     0x000019f2      0x222 dali_slave/dali_stack/dali_frame/dali_frame.o
                                0x7d8 (size before relaxing)
 .debug_str     0x00001c14      0x4e9 dali_slave/dali_stack/dali_hal/dali_hal.o
                                0x9ae (size before relaxing)
 .debug_str     0x000020fd       0x48 dali_slave/dali_timer/dali_tc.o
                                0x820 (size before relaxing)
 .debug_str     0x00002145       0xe0 main.o
                                0x4ba (size before relaxing)
 .debug_str     0x00002225      0x6bc src/adc_window.o
                                0xa6a (size before relaxing)

.debug_loc      0x00000000     0x229f
 *(.debug_loc)
 .debug_loc     0x00000000      0x1d9 dali_slave/dali_bit/dali_bit.o
 .debug_loc     0x000001d9       0xcb dali_slave/dali_bod/dali_bod.o
 .debug_loc     0x000002a4      0x64f dali_slave/dali_eeprom/dali_eeprom.o
 .debug_loc     0x000008f3     0x1537 dali_slave/dali_stack/dali_command/dali_cmd.o
 .debug_loc     0x00001e2a      0x2e5 dali_slave/dali_stack/dali_frame/dali_frame.o
 .debug_loc     0x0000210f       0x4a dali_slave/dali_stack/dali_hal/dali_hal.o
 .debug_loc     0x00002159       0x3c dali_slave/dali_timer/dali_tc.o
 .debug_loc     0x00002195      0x10a src/adc_window.o

.debug_macinfo
 *(.debug_macinfo)

.debug_weaknames
 *(.debug_weaknames)

.debug_funcnames
 *(.debug_funcnames)

.debug_typenames
 *(.debug_typenames)

.debug_varnames
 *(.debug_varnames)

.debug_pubtypes
 *(.debug_pubtypes)

.debug_ranges   0x00000000      0x288
 *(.debug_ranges)
 .debug_ranges  0x00000000       0x20 dali_slave/dali_bit/dali_bit.o
 .debug_ranges  0x00000020       0x18 dali_slave/dali_bod/dali_bod.o
 .debug_ranges  0x00000038       0x30 dali_slave/dali_eeprom/dali_eeprom.o
 .debug_ranges  0x00000068       0x78 dali_slave/dali_stack/dali_command/dali_cmd.o
 .debug_ranges  0x000000e0       0x90 dali_slave/dali_stack/dali_frame/dali_frame.o
 .debug_ranges  0x00000170       0x48 dali_slave/dali_stack/dali_hal/dali_hal.o
 .debug_ranges  0x000001b8       0x18 dali_slave/dali_timer/dali_tc.o
 .debug_ranges  0x000001d0       0x28 main.o
 .debug_ranges  0x000001f8       0x90 src/adc_window.o

.debug_macro
 *(.debug_macro)
OUTPUT(AVR42793DALI2SlaveStack0.elf elf32-avr)
LOAD linker stubs
